ARM Linker, 5.03 [Build 76] [MDK-ARM Professional]

==============================================================================

Section Cross References

    main.o(i.Crash) refers to led.o(i.LED_RedToggle) for LED_RedToggle
    main.o(i.SimpleLinkGeneralEventHandler) refers to uartstdio.o(i.UARTprintf) for UARTprintf
    main.o(i.SimpleLinkHttpServerCallback) refers to uartstdio.o(i.UARTprintf) for UARTprintf
    main.o(i.SimpleLinkNetAppEventHandler) refers to uartstdio.o(i.UARTprintf) for UARTprintf
    main.o(i.SimpleLinkNetAppEventHandler) refers to main.o(.data) for .data
    main.o(i.SimpleLinkSockEventHandler) refers to uartstdio.o(i.UARTprintf) for UARTprintf
    main.o(i.SimpleLinkSockEventHandler) refers to main.o(.constdata) for .constdata
    main.o(i.SimpleLinkWlanEventHandler) refers to uartstdio.o(i.UARTprintf) for UARTprintf
    main.o(i.SimpleLinkWlanEventHandler) refers to main.o(.data) for .data
    main.o(i.UART_Init) refers to sysctl.o(i.SysCtlPeripheralEnable) for SysCtlPeripheralEnable
    main.o(i.UART_Init) refers to gpio.o(i.GPIOPinConfigure) for GPIOPinConfigure
    main.o(i.UART_Init) refers to gpio.o(i.GPIOPinTypeUART) for GPIOPinTypeUART
    main.o(i.UART_Init) refers to uartstdio.o(i.UARTStdioConfig) for UARTStdioConfig
    main.o(i.configureSimpleLinkToDefaultState) refers to memseta.o(.text) for __aeabi_memclr4
    main.o(i.configureSimpleLinkToDefaultState) refers to device.o(i.sl_Start) for sl_Start
    main.o(i.configureSimpleLinkToDefaultState) refers to wlan.o(i.sl_WlanSetMode) for sl_WlanSetMode
    main.o(i.configureSimpleLinkToDefaultState) refers to device.o(i.sl_Stop) for sl_Stop
    main.o(i.configureSimpleLinkToDefaultState) refers to device.o(i.sl_DevGet) for sl_DevGet
    main.o(i.configureSimpleLinkToDefaultState) refers to wlan.o(i.sl_WlanPolicySet) for sl_WlanPolicySet
    main.o(i.configureSimpleLinkToDefaultState) refers to wlan.o(i.sl_WlanProfileDel) for sl_WlanProfileDel
    main.o(i.configureSimpleLinkToDefaultState) refers to wlan.o(i.sl_WlanDisconnect) for sl_WlanDisconnect
    main.o(i.configureSimpleLinkToDefaultState) refers to netcfg.o(i.sl_NetCfgSet) for sl_NetCfgSet
    main.o(i.configureSimpleLinkToDefaultState) refers to wlan.o(i.sl_WlanSet) for sl_WlanSet
    main.o(i.configureSimpleLinkToDefaultState) refers to netapp.o(i.sl_NetAppMDNSUnRegisterService) for sl_NetAppMDNSUnRegisterService
    main.o(i.configureSimpleLinkToDefaultState) refers to main.o(.data) for .data
    main.o(i.configureSimpleLinkToDefaultState) refers to main.o(.bss) for .bss
    main.o(i.main) refers to startup_rvmdk.o(.text) for DisableInterrupts
    main.o(i.main) refers to memseta.o(.text) for __aeabi_memclr4
    main.o(i.main) refers to board.o(i.initClk) for initClk
    main.o(i.main) refers to clockscreen.o(i.screen_Init) for screen_Init
    main.o(i.main) refers to main.o(i.ADC0_InitSWTriggerSeq3_Ch9) for ADC0_InitSWTriggerSeq3_Ch9
    main.o(i.main) refers to main.o(i.UART_Init) for UART_Init
    main.o(i.main) refers to led.o(i.LED_Init) for LED_Init
    main.o(i.main) refers to systick.o(i.SysTick_Init) for SysTick_Init
    main.o(i.main) refers to uartstdio.o(i.UARTprintf) for UARTprintf
    main.o(i.main) refers to main.o(i.configureSimpleLinkToDefaultState) for configureSimpleLinkToDefaultState
    main.o(i.main) refers to device.o(i.sl_Start) for sl_Start
    main.o(i.main) refers to main.o(i.Crash) for Crash
    main.o(i.main) refers to wlan.o(i.sl_WlanConnect) for sl_WlanConnect
    main.o(i.main) refers to nonos.o(i._SlNonOsMainLoopTask) for _SlNonOsMainLoopTask
    main.o(i.main) refers to strcpy.o(.text) for strcpy
    main.o(i.main) refers to strlen.o(.text) for strlen
    main.o(i.main) refers to netapp.o(i.sl_NetAppDnsGetHostByName) for sl_NetAppDnsGetHostByName
    main.o(i.main) refers to socket.o(i.sl_Htons) for sl_Htons
    main.o(i.main) refers to socket.o(i.sl_Htonl) for sl_Htonl
    main.o(i.main) refers to socket.o(i.sl_Socket) for sl_Socket
    main.o(i.main) refers to socket.o(i.sl_Connect) for sl_Connect
    main.o(i.main) refers to socket.o(i.sl_Send) for sl_Send
    main.o(i.main) refers to socket.o(i.sl_Recv) for sl_Recv
    main.o(i.main) refers to socket.o(i.sl_Close) for sl_Close
    main.o(i.main) refers to led.o(i.LED_GreenOn) for LED_GreenOn
    main.o(i.main) refers to main.o(i.ADC0_InSeq3) for ADC0_InSeq3
    main.o(i.main) refers to printf6.o(i.__0sprintf$6) for __2sprintf
    main.o(i.main) refers to main.o(i.parseJSON) for parseJSON
    main.o(i.main) refers to st7735.o(i.ST7735_OutString) for ST7735_OutString
    main.o(i.main) refers to st7735.o(i.ST7735_SetCursor) for ST7735_SetCursor
    main.o(i.main) refers to led.o(i.Board_Input) for Board_Input
    main.o(i.main) refers to led.o(i.LED_GreenOff) for LED_GreenOff
    main.o(i.main) refers to main.o(.data) for .data
    main.o(i.main) refers to main.o(.bss) for .bss
    main.o(i.main) refers to main.o(.constdata) for .constdata
[...]
    netapp.o(i._sl_HandleAsync_PingResponse) refers to nonos.o(i._SlNonOsSemGet) for _SlNonOsSemGet
    netapp.o(i._sl_HandleAsync_PingResponse) refers to memcpya.o(.text) for __aeabi_memcpy
    netapp.o(i._sl_HandleAsync_PingResponse) refers to nonos.o(i._SlNonOsSemSet) for _SlNonOsSemSet
    netapp.o(i._sl_HandleAsync_PingResponse) refers to driver.o(.data) for pPingCallBackFunc
    netapp.o(i._sl_HandleAsync_PingResponse) refers to driver.o(.data) for g_pCB
    netapp.o(i.sl_NetAppDnsGetHostByName) refers to driver.o(i._SlDrvWaitForPoolObj) for _SlDrvWaitForPoolObj
    netapp.o(i.sl_NetAppDnsGetHostByName) refers to nonos.o(i._SlNonOsSemGet) for _SlNonOsSemGet
    netapp.o(i.sl_NetAppDnsGetHostByName) refers to nonos.o(i._SlNonOsSemSet) for _SlNonOsSemSet
    netapp.o(i.sl_NetAppDnsGetHostByName) refers to driver.o(i._SlDrvCmdOp) for _SlDrvCmdOp
    netapp.o(i.sl_NetAppDnsGetHostByName) refers to memcpya.o(.text) for __aeabi_memcpy4
    netapp.o(i.sl_NetAppDnsGetHostByName) refers to driver.o(i._SlDrvReleasePoolObj) for _SlDrvReleasePoolObj
    netapp.o(i.sl_NetAppDnsGetHostByName) refers to driver.o(.data) for g_pCB
    netapp.o(i.sl_NetAppDnsGetHostByName) refers to netapp.o(.constdata) for .constdata
    netapp.o(i.sl_NetAppDnsGetHostByService) refers to driver.o(i._SlDrvWaitForPoolObj) for _SlDrvWaitForPoolObj
    netapp.o(i.sl_NetAppDnsGetHostByService) refers to nonos.o(i._SlNonOsSemGet) for _SlNonOsSemGet
    netapp.o(i.sl_NetAppDnsGetHostByService) refers to nonos.o(i._SlNonOsSemSet) for _SlNonOsSemSet
    netapp.o(i.sl_NetAppDnsGetHostByService) refers to driver.o(i._SlDrvCmdOp) for _SlDrvCmdOp
    netapp.o(i.sl_NetAppDnsGetHostByService) refers to driver.o(i._SlDrvReleasePoolObj) for _SlDrvReleasePoolObj
    netapp.o(i.sl_NetAppDnsGetHostByService) refers to driver.o(.data) for g_pCB
    netapp.o(i.sl_NetAppDnsGetHostByService) refers to netapp.o(.constdata) for .constdata
    netapp.o(i.sl_NetAppGet) refers to driver.o(i._SlDrvCmdOp) for _SlDrvCmdOp
    netapp.o(i.sl_NetAppGet) refers to netapp.o(.constdata) for .constdata
    netapp.o(i.sl_NetAppGetServiceList) refers to driver.o(i._SlDrvCmdOp) for _SlDrvCmdOp
    netapp.o(i.sl_NetAppGetServiceList) refers to netapp.o(.constdata) for .constdata
    netapp.o(i.sl_NetAppMDNSRegisterService) refers to netapp.o(i.sl_NetAppMDNSRegisterUnregisterService) for sl_NetAppMDNSRegisterUnregisterService
    netapp.o(i.sl_NetAppMDNSRegisterUnregisterService) refers to memseta.o(.text) for __aeabi_memclr4
    netapp.o(i.sl_NetAppMDNSRegisterUnregisterService) refers to memcpya.o(.text) for __aeabi_memcpy
    netapp.o(i.sl_NetAppMDNSRegisterUnregisterService) refers to driver.o(i._SlDrvCmdOp) for _SlDrvCmdOp
    netapp.o(i.sl_NetAppMDNSRegisterUnregisterService) refers to netapp.o(.constdata) for .constdata
    netapp.o(i.sl_NetAppMDNSUnRegisterService) refers to netapp.o(i.sl_NetAppMDNSRegisterUnregisterService) for sl_NetAppMDNSRegisterUnregisterService
    netapp.o(i.sl_NetAppPingStart) refers to driver.o(i._SlDrvBasicCmd) for _SlDrvBasicCmd
    netapp.o(i.sl_NetAppPingStart) refers to driver.o(i._SlDrvWaitForPoolObj) for _SlDrvWaitForPoolObj
    netapp.o(i.sl_NetAppPingStart) refers to nonos.o(i._SlNonOsSemGet) for _SlNonOsSemGet
    netapp.o(i.sl_NetAppPingStart) refers to nonos.o(i._SlNonOsSemSet) for _SlNonOsSemSet
    netapp.o(i.sl_NetAppPingStart) refers to driver.o(i._SlDrvCmdOp) for _SlDrvCmdOp
    netapp.o(i.sl_NetAppPingStart) refers to netapp.o(i.CopyPingResultsToReport) for CopyPingResultsToReport
    netapp.o(i.sl_NetAppPingStart) refers to driver.o(i._SlDrvReleasePoolObj) for _SlDrvReleasePoolObj
    netapp.o(i.sl_NetAppPingStart) refers to netapp.o(.constdata) for .constdata
    netapp.o(i.sl_NetAppPingStart) refers to driver.o(.data) for pPingCallBackFunc
    netapp.o(i.sl_NetAppPingStart) refers to driver.o(.data) for g_pCB
    netapp.o(i.sl_NetAppSendTokenValue) refers to memcpya.o(.text) for __aeabi_memcpy
    netapp.o(i.sl_NetAppSendTokenValue) refers to driver.o(i._SlDrvCmdSend) for _SlDrvCmdSend
    netapp.o(i.sl_NetAppSendTokenValue) refers to netapp.o(.constdata) for .constdata
    netapp.o(i.sl_NetAppSet) refers to driver.o(i._SlDrvCmdOp) for _SlDrvCmdOp
    netapp.o(i.sl_NetAppSet) refers to netapp.o(.constdata) for .constdata
    netapp.o(i.sl_NetAppStart) refers to driver.o(i._SlDrvCmdOp) for _SlDrvCmdOp
    netapp.o(i.sl_NetAppStart) refers to netapp.o(.constdata) for .constdata
    netapp.o(i.sl_NetAppStop) refers to driver.o(i._SlDrvCmdOp) for _SlDrvCmdOp
    netapp.o(i.sl_NetAppStop) refers to netapp.o(.constdata) for .constdata
    netcfg.o(i.sl_NetCfgGet) refers to driver.o(i._SlDrvCmdOp) for _SlDrvCmdOp
    netcfg.o(i.sl_NetCfgGet) refers to netcfg.o(.constdata) for .constdata
    netcfg.o(i.sl_NetCfgSet) refers to driver.o(i._SlDrvCmdOp) for _SlDrvCmdOp
    netcfg.o(i.sl_NetCfgSet) refers to netcfg.o(.constdata) for .constdata
    nonos.o(i._SlNonOsMainLoopTask) refers to nonos.o(.bss) for .bss
    nonos.o(i._SlNonOsMainLoopTask) refers to driver.o(.data) for g_pCB
    nonos.o(i._SlNonOsSemGet) refers to nonos.o(i._SlNonOsMainLoopTask) for _SlNonOsMainLoopTask
    nonos.o(i._SlNonOsSpawn) refers to nonos.o(.bss) for .bss
    socket.o(i._sl_HandleAsync_Accept) refers to nonos.o(i._SlNonOsSemGet) for _SlNonOsSemGet
    socket.o(i._sl_HandleAsync_Accept) refers to nonos.o(i._SlNonOsSemSet) for _SlNonOsSemSet
    socket.o(i._sl_HandleAsync_Accept) refers to driver.o(.data) for g_pCB
    socket.o(i._sl_HandleAsync_Connect) refers to nonos.o(i._SlNonOsSemGet) for _SlNonOsSemGet
    socket.o(i._sl_HandleAsync_Connect) refers to nonos.o(i._SlNonOsSemSet) for _SlNonOsSemSet
    socket.o(i._sl_HandleAsync_Connect) refers to driver.o(.data) for g_pCB
    socket.o(i._sl_HandleAsync_Select) refers to nonos.o(i._SlNonOsSemGet) for _SlNonOsSemGet
    socket.o(i._sl_HandleAsync_Select) refers to nonos.o(i._SlNonOsSemSet) for _SlNonOsSemSet
    socket.o(i._sl_HandleAsync_Select) refers to driver.o(.data) for g_pCB
    socket.o(i.sl_Accept) refers to driver.o(i._SlDrvWaitForPoolObj) for _SlDrvWaitForPoolObj
    socket.o(i.sl_Accept) refers to nonos.o(i._SlNonOsSemGet) for _SlNonOsSemGet
    socket.o(i.sl_Accept) refers to nonos.o(i._SlNonOsSemSet) for _SlNonOsSemSet
    socket.o(i.sl_Accept) refers to driver.o(i._SlDrvCmdOp) for _SlDrvCmdOp
    socket.o(i.sl_Accept) refers to driver.o(i._SlDrvReleasePoolObj) for _SlDrvReleasePoolObj
    socket.o(i.sl_Accept) refers to driver.o(.data) for g_pCB
    socket.o(i.sl_Accept) refers to socket.o(.constdata) for .constdata
    socket.o(i.sl_Bind) refers to socket.o(i._sl_BuildAddress) for _sl_BuildAddress
    socket.o(i.sl_Bind) refers to driver.o(i._SlDrvCmdOp) for _SlDrvCmdOp
    socket.o(i.sl_Bind) refers to socket.o(.constdata) for .constdata
    socket.o(i.sl_Close) refers to driver.o(i._SlDrvCmdOp) for _SlDrvCmdOp
    socket.o(i.sl_Close) refers to socket.o(.constdata) for .constdata
    socket.o(i.sl_Connect) refers to socket.o(i._sl_BuildAddress) for _sl_BuildAddress
    socket.o(i.sl_Connect) refers to driver.o(i._SlDrvWaitForPoolObj) for _SlDrvWaitForPoolObj
    socket.o(i.sl_Connect) refers to nonos.o(i._SlNonOsSemGet) for _SlNonOsSemGet
    socket.o(i.sl_Connect) refers to nonos.o(i._SlNonOsSemSet) for _SlNonOsSemSet
    socket.o(i.sl_Connect) refers to driver.o(i._SlDrvCmdOp) for _SlDrvCmdOp
    socket.o(i.sl_Connect) refers to driver.o(i._SlDrvReleasePoolObj) for _SlDrvReleasePoolObj
    socket.o(i.sl_Connect) refers to socket.o(.constdata) for .constdata
    socket.o(i.sl_Connect) refers to driver.o(.data) for g_pCB
    socket.o(i.sl_GetSockOpt) refers to driver.o(i._SlDrvCmdOp) for _SlDrvCmdOp
    socket.o(i.sl_GetSockOpt) refers to socket.o(.constdata) for .constdata
    socket.o(i.sl_Listen) refers to driver.o(i._SlDrvCmdOp) for _SlDrvCmdOp
    socket.o(i.sl_Listen) refers to socket.o(.constdata) for .constdata
    socket.o(i.sl_Recv) refers to driver.o(i._SlDrvDataReadOp) for _SlDrvDataReadOp
    socket.o(i.sl_Recv) refers to socket.o(.constdata) for .constdata
    socket.o(i.sl_RecvFrom) refers to driver.o(i._SlDrvDataReadOp) for _SlDrvDataReadOp
    socket.o(i.sl_RecvFrom) refers to socket.o(.constdata) for .constdata
    socket.o(i.sl_Select) refers to driver.o(i._SlDrvWaitForPoolObj) for _SlDrvWaitForPoolObj
    socket.o(i.sl_Select) refers to nonos.o(i._SlNonOsSemGet) for _SlNonOsSemGet
    socket.o(i.sl_Select) refers to nonos.o(i._SlNonOsSemSet) for _SlNonOsSemSet
    socket.o(i.sl_Select) refers to driver.o(i._SlDrvCmdOp) for _SlDrvCmdOp
    socket.o(i.sl_Select) refers to driver.o(i._SlDrvReleasePoolObj) for _SlDrvReleasePoolObj
    socket.o(i.sl_Select) refers to driver.o(.data) for g_pCB
    socket.o(i.sl_Select) refers to socket.o(.constdata) for .constdata
    socket.o(i.sl_Send) refers to socket.o(i._sl_TruncatePayloadByProtocol) for _sl_TruncatePayloadByProtocol
    socket.o(i.sl_Send) refers to driver.o(i._SlDrvDataWriteOp) for _SlDrvDataWriteOp
    socket.o(i.sl_Send) refers to socket.o(.constdata) for .constdata
    socket.o(i.sl_Send) refers to driver.o(.data) for g_pCB
    socket.o(i.sl_SendTo) refers to socket.o(i._sl_TruncatePayloadByProtocol) for _sl_TruncatePayloadByProtocol
    socket.o(i.sl_SendTo) refers to socket.o(i._sl_BuildAddress) for _sl_BuildAddress
    socket.o(i.sl_SendTo) refers to driver.o(i._SlDrvDataWriteOp) for _SlDrvDataWriteOp
    socket.o(i.sl_SetSockOpt) refers to driver.o(i._SlDrvCmdOp) for _SlDrvCmdOp
    socket.o(i.sl_SetSockOpt) refers to socket.o(.constdata) for .constdata
    socket.o(i.sl_Socket) refers to driver.o(i._SlDrvCmdOp) for _SlDrvCmdOp
    socket.o(i.sl_Socket) refers to socket.o(.constdata) for .constdata
    spi.o(i.spi_Close) refers to board.o(i.CC3100_InterruptDisable) for CC3100_InterruptDisable
    spi.o(i.spi_Open) refers to sysctl.o(i.SysCtlPeripheralEnable) for SysCtlPeripheralEnable
    spi.o(i.spi_Open) refers to gpio.o(i.GPIOPinTypeGPIOOutput) for GPIOPinTypeGPIOOutput
    spi.o(i.spi_Open) refers to gpio.o(i.GPIOPinWrite) for GPIOPinWrite
    spi.o(i.spi_Open) refers to gpio.o(i.GPIOPinConfigure) for GPIOPinConfigure
    spi.o(i.spi_Open) refers to gpio.o(i.GPIOPinTypeSSI) for GPIOPinTypeSSI
    spi.o(i.spi_Open) refers to sysctl.o(i.SysCtlClockGet) for SysCtlClockGet
    spi.o(i.spi_Open) refers to ssi.o(i.SSIConfigSetExpClk) for SSIConfigSetExpClk
    spi.o(i.spi_Open) refers to ssi.o(i.SSIEnable) for SSIEnable
    spi.o(i.spi_Open) refers to gpio.o(i.GPIOPinTypeGPIOInput) for GPIOPinTypeGPIOInput
    spi.o(i.spi_Open) refers to gpio.o(i.GPIOPadConfigSet) for GPIOPadConfigSet
    spi.o(i.spi_Open) refers to gpio.o(i.GPIOIntTypeSet) for GPIOIntTypeSet
    spi.o(i.spi_Open) refers to gpio.o(i.GPIOIntClear) for GPIOIntClear
    spi.o(i.spi_Open) refers to gpio.o(i.GPIOIntDisable) for GPIOIntDisable
    spi.o(i.spi_Open) refers to interrupt.o(i.IntEnable) for IntEnable
    spi.o(i.spi_Open) refers to interrupt.o(i.IntMasterEnable) for IntMasterEnable
    spi.o(i.spi_Open) refers to sysctl.o(.emb_text) for SysCtlDelay
    spi.o(i.spi_Open) refers to board.o(i.CC3100_InterruptEnable) for CC3100_InterruptEnable
    spi.o(i.spi_Read) refers to gpio.o(i.GPIOPinWrite) for GPIOPinWrite
    spi.o(i.spi_Read) refers to ssi.o(i.SSIDataPutNonBlocking) for SSIDataPutNonBlocking
    spi.o(i.spi_Read) refers to ssi.o(i.SSIDataGetNonBlocking) for SSIDataGetNonBlocking
    spi.o(i.spi_Write) refers to gpio.o(i.GPIOPinWrite) for GPIOPinWrite
    spi.o(i.spi_Write) refers to ssi.o(i.SSIDataPutNonBlocking) for SSIDataPutNonBlocking
    spi.o(i.spi_Write) refers to ssi.o(i.SSIDataGetNonBlocking) for SSIDataGetNonBlocking
    startup_rvmdk.o(RESET) refers to startup_rvmdk.o(STACK) for StackMem
    startup_rvmdk.o(RESET) refers to board.o(i.GPIOB_intHandler) for GPIOB_intHandler
    startup_rvmdk.o(RESET) refers to uartstdio.o(i.UARTStdioIntHandler) for UARTStdioIntHandler
    startup_rvmdk.o(RESET) refers to entry.o(.ARM.Collect$$$$00000000) for __main
    wlan.o(i.sl_WlanConnect) refers to memseta.o(.text) for __aeabi_memclr4
    wlan.o(i.sl_WlanConnect) refers to memcpya.o(.text) for __aeabi_memcpy
    wlan.o(i.sl_WlanConnect) refers to driver.o(i._SlDrvCmdOp) for _SlDrvCmdOp
    wlan.o(i.sl_WlanDisconnect) refers to driver.o(i._SlDrvBasicCmd) for _SlDrvBasicCmd
    wlan.o(i.sl_WlanGet) refers to driver.o(i._SlDrvCmdOp) for _SlDrvCmdOp
    wlan.o(i.sl_WlanGet) refers to wlan.o(.constdata) for .constdata
    wlan.o(i.sl_WlanGetNetworkList) refers to driver.o(i._SlDrvCmdOp) for _SlDrvCmdOp
    wlan.o(i.sl_WlanGetNetworkList) refers to wlan.o(.constdata) for .constdata
    wlan.o(i.sl_WlanPolicyGet) refers to driver.o(i._SlDrvCmdOp) for _SlDrvCmdOp
    wlan.o(i.sl_WlanPolicyGet) refers to wlan.o(.constdata) for .constdata
    wlan.o(i.sl_WlanPolicySet) refers to driver.o(i._SlDrvCmdOp) for _SlDrvCmdOp
    wlan.o(i.sl_WlanPolicySet) refers to wlan.o(.constdata) for .constdata
    wlan.o(i.sl_WlanProfileAdd) refers to memcpya.o(.text) for __aeabi_memcpy
    wlan.o(i.sl_WlanProfileAdd) refers to driver.o(i._SlDrvCmdOp) for _SlDrvCmdOp
    wlan.o(i.sl_WlanProfileDel) refers to driver.o(i._SlDrvCmdOp) for _SlDrvCmdOp
    wlan.o(i.sl_WlanProfileDel) refers to wlan.o(.constdata) for .constdata
    wlan.o(i.sl_WlanProfileGet) refers to driver.o(i._SlDrvCmdOp) for _SlDrvCmdOp
    wlan.o(i.sl_WlanProfileGet) refers to memcpya.o(.text) for __aeabi_memcpy
    wlan.o(i.sl_WlanProfileGet) refers to wlan.o(.constdata) for .constdata
    wlan.o(i.sl_WlanRxFilterAdd) refers to memcpya.o(.text) for __aeabi_memcpy4
    wlan.o(i.sl_WlanRxFilterAdd) refers to driver.o(i._SlDrvCmdOp) for _SlDrvCmdOp
    wlan.o(i.sl_WlanRxFilterAdd) refers to wlan.o(.constdata) for .constdata
    wlan.o(i.sl_WlanRxFilterGet) refers to driver.o(i._SlDrvCmdOp) for _SlDrvCmdOp
    wlan.o(i.sl_WlanRxFilterGet) refers to wlan.o(.constdata) for .constdata
    wlan.o(i.sl_WlanRxFilterSet) refers to driver.o(i._SlDrvCmdOp) for _SlDrvCmdOp
    wlan.o(i.sl_WlanRxFilterSet) refers to wlan.o(.constdata) for .constdata
    wlan.o(i.sl_WlanRxStatGet) refers to memseta.o(.text) for __aeabi_memclr4
    wlan.o(i.sl_WlanRxStatGet) refers to driver.o(i._SlDrvCmdOp) for _SlDrvCmdOp
    wlan.o(i.sl_WlanRxStatGet) refers to wlan.o(.constdata) for .constdata
    wlan.o(i.sl_WlanRxStatStart) refers to driver.o(i._SlDrvBasicCmd) for _SlDrvBasicCmd
    wlan.o(i.sl_WlanRxStatStop) refers to driver.o(i._SlDrvBasicCmd) for _SlDrvBasicCmd
    wlan.o(i.sl_WlanSet) refers to driver.o(i._SlDrvCmdOp) for _SlDrvCmdOp
    wlan.o(i.sl_WlanSet) refers to wlan.o(.constdata) for .constdata
    wlan.o(i.sl_WlanSetMode) refers to driver.o(i._SlDrvCmdOp) for _SlDrvCmdOp
    wlan.o(i.sl_WlanSetMode) refers to wlan.o(.constdata) for .constdata
    wlan.o(i.sl_WlanSmartConfigStart) refers to memcpya.o(.text) for __aeabi_memcpy
    wlan.o(i.sl_WlanSmartConfigStart) refers to driver.o(i._SlDrvCmdOp) for _SlDrvCmdOp
    wlan.o(i.sl_WlanSmartConfigStart) refers to wlan.o(.constdata) for .constdata
    wlan.o(i.sl_WlanSmartConfigStop) refers to driver.o(i._SlDrvBasicCmd) for _SlDrvBasicCmd
    uartstdio.o(i.UARTEchoSet) refers to uartstdio.o(.data) for .data
    uartstdio.o(i.UARTFlushRx) refers to uartstdio.o(.data) for .data
    uartstdio.o(i.UARTFlushTx) refers to uartstdio.o(i.IsBufferEmpty) for IsBufferEmpty
    uartstdio.o(i.UARTFlushTx) refers to uartstdio.o(.data) for .data
    uartstdio.o(i.UARTOutString) refers to uartstdio.o(.data) for .data
    uartstdio.o(i.UARTPeek) refers to uartstdio.o(i.GetBufferCount) for GetBufferCount
    uartstdio.o(i.UARTPeek) refers to uartstdio.o(.data) for .data
    uartstdio.o(i.UARTPeek) refers to uartstdio.o(.bss) for .bss
    uartstdio.o(i.UARTPrimeTransmit) refers to uartstdio.o(i.IsBufferEmpty) for IsBufferEmpty
    uartstdio.o(i.UARTPrimeTransmit) refers to uartstdio.o(.data) for .data
    uartstdio.o(i.UARTPrimeTransmit) refers to uartstdio.o(.constdata) for .constdata
    uartstdio.o(i.UARTPrimeTransmit) refers to uartstdio.o(.bss) for .bss
    uartstdio.o(i.UARTRxBytesAvail) refers to uartstdio.o(i.GetBufferCount) for GetBufferCount
    uartstdio.o(i.UARTRxBytesAvail) refers to uartstdio.o(.data) for .data
    uartstdio.o(i.UARTStdioConfig) refers to uartstdio.o(i.UARTFlushRx) for UARTFlushRx
    uartstdio.o(i.UARTStdioConfig) refers to uartstdio.o(i.UARTFlushTx) for UARTFlushTx
    uartstdio.o(i.UARTStdioConfig) refers to uartstdio.o(.constdata) for .constdata
    uartstdio.o(i.UARTStdioConfig) refers to uartstdio.o(.data) for .data
    uartstdio.o(i.UARTStdioIntHandler) refers to uartstdio.o(i.UARTPrimeTransmit) for UARTPrimeTransmit
    uartstdio.o(i.UARTStdioIntHandler) refers to uartstdio.o(i.IsBufferEmpty) for IsBufferEmpty
    uartstdio.o(i.UARTStdioIntHandler) refers to uartstdio.o(i.UARTwrite) for UARTwrite
    uartstdio.o(i.UARTStdioIntHandler) refers to uartstdio.o(i.IsBufferFull) for IsBufferFull
    uartstdio.o(i.UARTStdioIntHandler) refers to uartstdio.o(.data) for .data
    uartstdio.o(i.UARTStdioIntHandler) refers to uartstdio.o(.bss) for .bss
    uartstdio.o(i.UARTTxBytesFree) refers to uartstdio.o(i.GetBufferCount) for GetBufferCount
    uartstdio.o(i.UARTTxBytesFree) refers to uartstdio.o(.data) for .data
    uartstdio.o(i.UARTgetc) refers to uartstdio.o(i.IsBufferEmpty) for IsBufferEmpty
    uartstdio.o(i.UARTgetc) refers to uartstdio.o(.data) for .data
    uartstdio.o(i.UARTgetc) refers to uartstdio.o(.bss) for .bss
    uartstdio.o(i.UARTgets) refers to uartstdio.o(i.IsBufferEmpty) for IsBufferEmpty
    uartstdio.o(i.UARTgets) refers to uartstdio.o(.bss) for .bss
    uartstdio.o(i.UARTgets) refers to uartstdio.o(.data) for .data
    uartstdio.o(i.UARTprintf) refers to uartstdio.o(i.UARTvprintf) for UARTvprintf
    uartstdio.o(i.UARTvprintf) refers to uartstdio.o(i.UARTwrite) for UARTwrite
    uartstdio.o(i.UARTvprintf) refers to uartstdio.o(.constdata) for .constdata
    uartstdio.o(i.UARTwrite) refers to uartstdio.o(i.IsBufferFull) for IsBufferFull
    uartstdio.o(i.UARTwrite) refers to uartstdio.o(i.IsBufferEmpty) for IsBufferEmpty
    uartstdio.o(i.UARTwrite) refers to uartstdio.o(i.UARTPrimeTransmit) for UARTPrimeTransmit
    uartstdio.o(i.UARTwrite) refers to uartstdio.o(.bss) for .bss
    uartstdio.o(i.UARTwrite) refers to uartstdio.o(.data) for .data
    uartstdio.o(.constdata) refers to uartstdio.o(.conststring) for .conststring
    ustdlib.o(i.ulocaltime) refers to ustdlib.o(.constdata) for .constdata
    ustdlib.o(i.umktime) refers to ustdlib.o(i.ulocaltime) for ulocaltime
    ustdlib.o(i.umktime) refers to ustdlib.o(i.ucmptime) for ucmptime
    ustdlib.o(i.urand) refers to ustdlib.o(.data) for .data
    ustdlib.o(i.usnprintf) refers to ustdlib.o(i.uvsnprintf) for uvsnprintf
    ustdlib.o(i.usprintf) refers to ustdlib.o(i.uvsnprintf) for uvsnprintf
    ustdlib.o(i.usrand) refers to ustdlib.o(.data) for .data
    ustdlib.o(i.ustrcasecmp) refers to ustdlib.o(i.ustrncasecmp) for ustrncasecmp
    ustdlib.o(i.ustrcmp) refers to ustdlib.o(i.ustrncmp) for ustrncmp
    ustdlib.o(i.ustrstr) refers to ustdlib.o(i.ustrlen) for ustrlen
    ustdlib.o(i.ustrstr) refers to ustdlib.o(i.ustrncmp) for ustrncmp
    ustdlib.o(i.ustrtof) refers to ustdlib.o(.constdata) for .constdata
    ustdlib.o(i.uvsnprintf) refers to ustdlib.o(i.ustrncpy) for ustrncpy
    ustdlib.o(i.uvsnprintf) refers to ustdlib.o(.constdata) for .constdata
    ustdlib.o(.constdata) refers to ustdlib.o(.conststring) for .conststring
    systick.o(i.SysTick_Wait10ms) refers to systick.o(i.SysTick_Wait) for SysTick_Wait
    clockscreen.o(i.digital_Print) refers to st7735.o(i.ST7735_SetCursor) for ST7735_SetCursor
    clockscreen.o(i.digital_Print) refers to time.o(i.Clock_Second_Return) for Clock_Second_Return
    clockscreen.o(i.digital_Print) refers to time.o(i.Clock_Minute_Return) for Clock_Minute_Return
    clockscreen.o(i.digital_Print) refers to time.o(i.Clock_Hour_Return) for Clock_Hour_Return
    clockscreen.o(i.digital_Print) refers to time.o(i.Alarm_Minute_Return) for Alarm_Minute_Return
    clockscreen.o(i.digital_Print) refers to time.o(i.Alarm_Hour_Return) for Alarm_Hour_Return
    clockscreen.o(i.digital_Print) refers to printf6.o(i.__0sprintf$6) for __2sprintf
    clockscreen.o(i.digital_Print) refers to st7735.o(i.ST7735_SetTextColor) for ST7735_SetTextColor
    clockscreen.o(i.digital_Print) refers to st7735.o(i.ST7735_OutString) for ST7735_OutString
    clockscreen.o(i.digital_Print) refers to clockscreen.o(.bss) for .bss
    clockscreen.o(i.screen_Init) refers to st7735.o(i.ST7735_InitR) for ST7735_InitR
    clockscreen.o(i.screen_Init) refers to st7735.o(i.ST7735_FillScreen) for ST7735_FillScreen
    st7735.o(i.Output_Clear) refers to st7735.o(i.ST7735_FillScreen) for ST7735_FillScreen
    st7735.o(i.Output_Color) refers to st7735.o(.data) for .data
    st7735.o(i.Output_Init) refers to st7735.o(i.ST7735_InitR) for ST7735_InitR
    st7735.o(i.Output_Init) refers to st7735.o(i.ST7735_FillScreen) for ST7735_FillScreen
    st7735.o(i.Output_Off) refers to st7735.o(i.ST7735_FillScreen) for ST7735_FillScreen
    st7735.o(i.Output_On) refers to st7735.o(i.Output_Init) for Output_Init
    st7735.o(i.Return_XPos) refers to st7735.o(.data) for .data
    st7735.o(i.Return_YPos) refers to st7735.o(.data) for .data
    st7735.o(i.ST7735_BresenhamLine) refers to st7735.o(i.ST7735_DrawFastVLine) for ST7735_DrawFastVLine
    st7735.o(i.ST7735_BresenhamLine) refers to st7735.o(i.ST7735_DrawFastHLine) for ST7735_DrawFastHLine
    st7735.o(i.ST7735_BresenhamLine) refers to st7735.o(i.ST7735_DrawPixel) for ST7735_DrawPixel
    st7735.o(i.ST7735_DrawBitmap) refers to st7735.o(i.setAddrWindow) for setAddrWindow
    st7735.o(i.ST7735_DrawBitmap) refers to st7735.o(i.writedata) for writedata
    st7735.o(i.ST7735_DrawBitmap) refers to st7735.o(.data) for .data
    st7735.o(i.ST7735_DrawChar) refers to st7735.o(i.setAddrWindow) for setAddrWindow
    st7735.o(i.ST7735_DrawChar) refers to st7735.o(i.pushColor) for pushColor
    st7735.o(i.ST7735_DrawChar) refers to st7735.o(.data) for .data
    st7735.o(i.ST7735_DrawChar) refers to st7735.o(.constdata) for .constdata
    st7735.o(i.ST7735_DrawCharS) refers to st7735.o(i.ST7735_FillRect) for ST7735_FillRect
    st7735.o(i.ST7735_DrawCharS) refers to st7735.o(i.ST7735_DrawPixel) for ST7735_DrawPixel
    st7735.o(i.ST7735_DrawCharS) refers to st7735.o(.data) for .data
    st7735.o(i.ST7735_DrawCharS) refers to st7735.o(.constdata) for .constdata
    st7735.o(i.ST7735_DrawFastHLine) refers to st7735.o(i.setAddrWindow) for setAddrWindow
    st7735.o(i.ST7735_DrawFastHLine) refers to st7735.o(i.writedata) for writedata
    st7735.o(i.ST7735_DrawFastHLine) refers to st7735.o(.data) for .data
    st7735.o(i.ST7735_DrawFastVLine) refers to st7735.o(i.setAddrWindow) for setAddrWindow
    st7735.o(i.ST7735_DrawFastVLine) refers to st7735.o(i.writedata) for writedata
    st7735.o(i.ST7735_DrawFastVLine) refers to st7735.o(.data) for .data
    st7735.o(i.ST7735_DrawPixel) refers to st7735.o(i.setAddrWindow) for setAddrWindow
    st7735.o(i.ST7735_DrawPixel) refers to st7735.o(i.pushColor) for pushColor
    st7735.o(i.ST7735_DrawPixel) refers to st7735.o(.data) for .data
    st7735.o(i.ST7735_DrawString) refers to st7735.o(i.ST7735_DrawCharS) for ST7735_DrawCharS
    st7735.o(i.ST7735_FillRect) refers to st7735.o(i.setAddrWindow) for setAddrWindow
    st7735.o(i.ST7735_FillRect) refers to st7735.o(i.writedata) for writedata
    st7735.o(i.ST7735_FillRect) refers to st7735.o(.data) for .data
    st7735.o(i.ST7735_FillScreen) refers to st7735.o(i.ST7735_FillRect) for ST7735_FillRect
    st7735.o(i.ST7735_FillScreen) refers to st7735.o(.data) for .data
    st7735.o(i.ST7735_InitB) refers to st7735.o(i.commonInit) for commonInit
    st7735.o(i.ST7735_InitB) refers to st7735.o(i.ST7735_SetCursor) for ST7735_SetCursor
    st7735.o(i.ST7735_InitB) refers to st7735.o(i.ST7735_FillScreen) for ST7735_FillScreen
    st7735.o(i.ST7735_InitB) refers to st7735.o(.constdata) for .constdata
    st7735.o(i.ST7735_InitB) refers to st7735.o(.data) for .data
    st7735.o(i.ST7735_InitR) refers to st7735.o(i.commonInit) for commonInit
    st7735.o(i.ST7735_InitR) refers to st7735.o(i.commandList) for commandList
    st7735.o(i.ST7735_InitR) refers to st7735.o(i.writecommand) for writecommand
    st7735.o(i.ST7735_InitR) refers to st7735.o(i.writedata) for writedata
    st7735.o(i.ST7735_InitR) refers to st7735.o(i.ST7735_SetCursor) for ST7735_SetCursor
    st7735.o(i.ST7735_InitR) refers to st7735.o(i.ST7735_FillScreen) for ST7735_FillScreen
    st7735.o(i.ST7735_InitR) refers to st7735.o(.constdata) for .constdata
    st7735.o(i.ST7735_InitR) refers to st7735.o(.data) for .data
    st7735.o(i.ST7735_InvertDisplay) refers to st7735.o(i.writecommand) for writecommand
    st7735.o(i.ST7735_OutChar) refers to st7735.o(i.ST7735_DrawCharS) for ST7735_DrawCharS
    st7735.o(i.ST7735_OutChar) refers to st7735.o(i.ST7735_DrawString) for ST7735_DrawString
    st7735.o(i.ST7735_OutChar) refers to st7735.o(.data) for .data
    st7735.o(i.ST7735_OutString) refers to st7735.o(i.ST7735_OutChar) for ST7735_OutChar
    st7735.o(i.ST7735_OutUDec) refers to st7735.o(i.fillmessage) for fillmessage
    st7735.o(i.ST7735_OutUDec) refers to st7735.o(i.ST7735_DrawString) for ST7735_DrawString
    st7735.o(i.ST7735_OutUDec) refers to st7735.o(i.ST7735_DrawCharS) for ST7735_DrawCharS
    st7735.o(i.ST7735_OutUDec) refers to st7735.o(.data) for .data
    st7735.o(i.ST7735_OutUDec) refers to st7735.o(.bss) for .bss
    st7735.o(i.ST7735_PlotBar) refers to st7735.o(i.ST7735_DrawFastVLine) for ST7735_DrawFastVLine
    st7735.o(i.ST7735_PlotBar) refers to st7735.o(.data) for .data
    st7735.o(i.ST7735_PlotClear) refers to st7735.o(i.ST7735_Color565) for ST7735_Color565
    st7735.o(i.ST7735_PlotClear) refers to st7735.o(i.ST7735_FillRect) for ST7735_FillRect
    st7735.o(i.ST7735_PlotClear) refers to st7735.o(.data) for .data
    st7735.o(i.ST7735_PlotLine) refers to st7735.o(i.ST7735_DrawPixel) for ST7735_DrawPixel
    st7735.o(i.ST7735_PlotLine) refers to st7735.o(.data) for .data
    st7735.o(i.ST7735_PlotNext) refers to st7735.o(.data) for .data
    st7735.o(i.ST7735_PlotNextErase) refers to st7735.o(i.ST7735_Color565) for ST7735_Color565
    st7735.o(i.ST7735_PlotNextErase) refers to st7735.o(i.ST7735_DrawFastVLine) for ST7735_DrawFastVLine
    st7735.o(i.ST7735_PlotNextErase) refers to st7735.o(.data) for .data
    st7735.o(i.ST7735_PlotPoint) refers to st7735.o(i.ST7735_DrawPixel) for ST7735_DrawPixel
    st7735.o(i.ST7735_PlotPoint) refers to st7735.o(.data) for .data
    st7735.o(i.ST7735_PlotPoints) refers to st7735.o(i.ST7735_DrawPixel) for ST7735_DrawPixel
    st7735.o(i.ST7735_PlotPoints) refers to st7735.o(.data) for .data
    st7735.o(i.ST7735_PlotdBfs) refers to st7735.o(i.ST7735_DrawFastVLine) for ST7735_DrawFastVLine
    st7735.o(i.ST7735_PlotdBfs) refers to st7735.o(.constdata) for .constdata
    st7735.o(i.ST7735_PlotdBfs) refers to st7735.o(.data) for .data
    st7735.o(i.ST7735_SetCursor) refers to st7735.o(.data) for .data
    st7735.o(i.ST7735_SetRotation) refers to st7735.o(i.writecommand) for writecommand
    st7735.o(i.ST7735_SetRotation) refers to st7735.o(i.writedata) for writedata
    st7735.o(i.ST7735_SetRotation) refers to st7735.o(.data) for .data
    st7735.o(i.ST7735_SetTextColor) refers to st7735.o(.data) for .data
    st7735.o(i.commandList) refers to st7735.o(i.writecommand) for writecommand
    st7735.o(i.commandList) refers to st7735.o(i.writedata) for writedata
    st7735.o(i.commandList) refers to st7735.o(i.Delay1ms) for Delay1ms
    st7735.o(i.commonInit) refers to st7735.o(i.Delay1ms) for Delay1ms
    st7735.o(i.commonInit) refers to st7735.o(i.commandList) for commandList
    st7735.o(i.commonInit) refers to st7735.o(.data) for .data
    st7735.o(i.fillmessage) refers to st7735.o(.bss) for .bss
    st7735.o(i.fillmessage) refers to st7735.o(.data) for .data
    st7735.o(i.fputc) refers to st7735.o(i.ST7735_OutChar) for ST7735_OutChar
    st7735.o(i.pushColor) refers to st7735.o(i.writedata) for writedata
    st7735.o(i.setAddrWindow) refers to st7735.o(i.writecommand) for writecommand
    st7735.o(i.setAddrWindow) refers to st7735.o(i.writedata) for writedata
    st7735.o(i.setAddrWindow) refers to st7735.o(.data) for .data
    time.o(i.Alarm_Hour_Increment) refers to time.o(.data) for .data
    time.o(i.Alarm_Hour_Return) refers to time.o(.data) for .data
    time.o(i.Alarm_Minute_Increment) refers to time.o(.data) for .data
    time.o(i.Alarm_Minute_Return) refers to time.o(.data) for .data
    time.o(i.Alarm_Off) refers to time.o(.data) for .data
    time.o(i.Alarm_On) refers to time.o(.data) for .data
    time.o(i.Alarm_Status) refers to time.o(.data) for .data
    time.o(i.Clock_Hour_Increment) refers to time.o(i.timeKeep) for timeKeep
    time.o(i.Clock_Hour_Increment) refers to time.o(.data) for .data
    time.o(i.Clock_Hour_Return) refers to time.o(.data) for .data
    time.o(i.Clock_Minute_Increment) refers to time.o(i.timeKeep) for timeKeep
    time.o(i.Clock_Minute_Increment) refers to time.o(.data) for .data
    time.o(i.Clock_Minute_Return) refers to time.o(.data) for .data
    time.o(i.Clock_Second_Return) refers to time.o(.data) for .data
    time.o(i.timeKeep) refers to time.o(.data) for .data
    gpio.o(i.GPIOIntRegister) refers to interrupt.o(i.IntRegister) for IntRegister
    gpio.o(i.GPIOIntRegister) refers to interrupt.o(i.IntEnable) for IntEnable
    gpio.o(i.GPIOIntRegister) refers to gpio.o(.constdata) for .constdata
    gpio.o(i.GPIOIntUnregister) refers to interrupt.o(i.IntDisable) for IntDisable
    gpio.o(i.GPIOIntUnregister) refers to interrupt.o(i.IntUnregister) for IntUnregister
    gpio.o(i.GPIOIntUnregister) refers to gpio.o(.constdata) for .constdata
    gpio.o(i.GPIOPinConfigure) refers to gpio.o(.constdata) for .constdata
    gpio.o(i.GPIOPinTypeADC) refers to gpio.o(i.GPIODirModeSet) for GPIODirModeSet
    gpio.o(i.GPIOPinTypeADC) refers to gpio.o(i.GPIOPadConfigSet) for GPIOPadConfigSet
    gpio.o(i.GPIOPinTypeCAN) refers to gpio.o(i.GPIODirModeSet) for GPIODirModeSet
    gpio.o(i.GPIOPinTypeCAN) refers to gpio.o(i.GPIOPadConfigSet) for GPIOPadConfigSet
    gpio.o(i.GPIOPinTypeCIR) refers to gpio.o(i.GPIODirModeSet) for GPIODirModeSet
    gpio.o(i.GPIOPinTypeCIR) refers to gpio.o(i.GPIOPadConfigSet) for GPIOPadConfigSet
    gpio.o(i.GPIOPinTypeComparator) refers to gpio.o(i.GPIODirModeSet) for GPIODirModeSet
    gpio.o(i.GPIOPinTypeComparator) refers to gpio.o(i.GPIOPadConfigSet) for GPIOPadConfigSet
    gpio.o(i.GPIOPinTypeEPI) refers to gpio.o(i.GPIODirModeSet) for GPIODirModeSet
    gpio.o(i.GPIOPinTypeEPI) refers to gpio.o(i.GPIOPadConfigSet) for GPIOPadConfigSet
    gpio.o(i.GPIOPinTypeEthernetLED) refers to gpio.o(i.GPIODirModeSet) for GPIODirModeSet
    gpio.o(i.GPIOPinTypeEthernetLED) refers to gpio.o(i.GPIOPadConfigSet) for GPIOPadConfigSet
    gpio.o(i.GPIOPinTypeEthernetMII) refers to gpio.o(i.GPIODirModeSet) for GPIODirModeSet
    gpio.o(i.GPIOPinTypeEthernetMII) refers to gpio.o(i.GPIOPadConfigSet) for GPIOPadConfigSet
    gpio.o(i.GPIOPinTypeGPIOInput) refers to gpio.o(i.GPIODirModeSet) for GPIODirModeSet
    gpio.o(i.GPIOPinTypeGPIOInput) refers to gpio.o(i.GPIOPadConfigSet) for GPIOPadConfigSet
    gpio.o(i.GPIOPinTypeGPIOOutput) refers to gpio.o(i.GPIOPadConfigSet) for GPIOPadConfigSet
    gpio.o(i.GPIOPinTypeGPIOOutput) refers to gpio.o(i.GPIODirModeSet) for GPIODirModeSet
    gpio.o(i.GPIOPinTypeGPIOOutputOD) refers to gpio.o(i.GPIOPadConfigSet) for GPIOPadConfigSet
    gpio.o(i.GPIOPinTypeGPIOOutputOD) refers to gpio.o(i.GPIODirModeSet) for GPIODirModeSet
    gpio.o(i.GPIOPinTypeI2C) refers to gpio.o(i.GPIODirModeSet) for GPIODirModeSet
    gpio.o(i.GPIOPinTypeI2C) refers to gpio.o(i.GPIOPadConfigSet) for GPIOPadConfigSet
    gpio.o(i.GPIOPinTypeI2CSCL) refers to gpio.o(i.GPIODirModeSet) for GPIODirModeSet
    gpio.o(i.GPIOPinTypeI2CSCL) refers to gpio.o(i.GPIOPadConfigSet) for GPIOPadConfigSet
    gpio.o(i.GPIOPinTypeKBColumn) refers to gpio.o(i.GPIODirModeSet) for GPIODirModeSet
    gpio.o(i.GPIOPinTypeKBColumn) refers to gpio.o(i.GPIOPadConfigSet) for GPIOPadConfigSet
    gpio.o(i.GPIOPinTypeKBRow) refers to gpio.o(i.GPIODirModeSet) for GPIODirModeSet
    gpio.o(i.GPIOPinTypeKBRow) refers to gpio.o(i.GPIOPadConfigSet) for GPIOPadConfigSet
    gpio.o(i.GPIOPinTypeLCD) refers to gpio.o(i.GPIODirModeSet) for GPIODirModeSet
    gpio.o(i.GPIOPinTypeLCD) refers to gpio.o(i.GPIOPadConfigSet) for GPIOPadConfigSet
    gpio.o(i.GPIOPinTypeLEDSeq) refers to gpio.o(i.GPIODirModeSet) for GPIODirModeSet
    gpio.o(i.GPIOPinTypeLEDSeq) refers to gpio.o(i.GPIOPadConfigSet) for GPIOPadConfigSet
    gpio.o(i.GPIOPinTypeLPC) refers to gpio.o(i.GPIODirModeSet) for GPIODirModeSet
    gpio.o(i.GPIOPinTypeLPC) refers to gpio.o(i.GPIOPadConfigSet) for GPIOPadConfigSet
    gpio.o(i.GPIOPinTypePECIRx) refers to gpio.o(i.GPIODirModeSet) for GPIODirModeSet
    gpio.o(i.GPIOPinTypePECIRx) refers to gpio.o(i.GPIOPadConfigSet) for GPIOPadConfigSet
    gpio.o(i.GPIOPinTypePECITx) refers to gpio.o(i.GPIODirModeSet) for GPIODirModeSet
    gpio.o(i.GPIOPinTypePECITx) refers to gpio.o(i.GPIOPadConfigSet) for GPIOPadConfigSet
    gpio.o(i.GPIOPinTypePWM) refers to gpio.o(i.GPIODirModeSet) for GPIODirModeSet
    gpio.o(i.GPIOPinTypePWM) refers to gpio.o(i.GPIOPadConfigSet) for GPIOPadConfigSet
    gpio.o(i.GPIOPinTypeQEI) refers to gpio.o(i.GPIODirModeSet) for GPIODirModeSet
    gpio.o(i.GPIOPinTypeQEI) refers to gpio.o(i.GPIOPadConfigSet) for GPIOPadConfigSet
    gpio.o(i.GPIOPinTypeSSI) refers to gpio.o(i.GPIODirModeSet) for GPIODirModeSet
    gpio.o(i.GPIOPinTypeSSI) refers to gpio.o(i.GPIOPadConfigSet) for GPIOPadConfigSet
    gpio.o(i.GPIOPinTypeTimer) refers to gpio.o(i.GPIODirModeSet) for GPIODirModeSet
    gpio.o(i.GPIOPinTypeTimer) refers to gpio.o(i.GPIOPadConfigSet) for GPIOPadConfigSet
    gpio.o(i.GPIOPinTypeUART) refers to gpio.o(i.GPIODirModeSet) for GPIODirModeSet
    gpio.o(i.GPIOPinTypeUART) refers to gpio.o(i.GPIOPadConfigSet) for GPIOPadConfigSet
    gpio.o(i.GPIOPinTypeUSBAnalog) refers to gpio.o(i.GPIODirModeSet) for GPIODirModeSet
    gpio.o(i.GPIOPinTypeUSBAnalog) refers to gpio.o(i.GPIOPadConfigSet) for GPIOPadConfigSet
    gpio.o(i.GPIOPinTypeUSBDigital) refers to gpio.o(i.GPIODirModeSet) for GPIODirModeSet
    gpio.o(i.GPIOPinTypeUSBDigital) refers to gpio.o(i.GPIOPadConfigSet) for GPIOPadConfigSet
    gpio.o(i.GPIOPinTypeWakeHigh) refers to gpio.o(i.GPIODirModeSet) for GPIODirModeSet
    gpio.o(i.GPIOPinTypeWakeHigh) refers to gpio.o(i.GPIOPadConfigSet) for GPIOPadConfigSet
    gpio.o(i.GPIOPinTypeWakeLow) refers to gpio.o(i.GPIODirModeSet) for GPIODirModeSet
    gpio.o(i.GPIOPinTypeWakeLow) refers to gpio.o(i.GPIOPadConfigSet) for GPIOPadConfigSet
    interrupt.o(i.IntDisable) refers to interrupt.o(.constdata) for .constdata
    interrupt.o(i.IntEnable) refers to interrupt.o(.constdata) for .constdata
    interrupt.o(i.IntIsEnabled) refers to interrupt.o(.constdata) for .constdata
    interrupt.o(i.IntMasterDisable) refers to cpu.o(.emb_text) for CPUcpsid
    interrupt.o(i.IntMasterEnable) refers to cpu.o(.emb_text) for CPUcpsie
    interrupt.o(i.IntPendClear) refers to interrupt.o(.constdata) for .constdata
    interrupt.o(i.IntPendSet) refers to interrupt.o(.constdata) for .constdata
    interrupt.o(i.IntPriorityGet) refers to interrupt.o(.constdata) for .constdata
    interrupt.o(i.IntPriorityGroupingGet) refers to interrupt.o(.constdata) for .constdata
    interrupt.o(i.IntPriorityGroupingSet) refers to interrupt.o(.constdata) for .constdata
    interrupt.o(i.IntPriorityMaskGet) refers to cpu.o(.emb_text) for CPUbasepriGet
    interrupt.o(i.IntPriorityMaskSet) refers to cpu.o(.emb_text) for CPUbasepriSet
    interrupt.o(i.IntPrioritySet) refers to interrupt.o(.constdata) for .constdata
    interrupt.o(i.IntRegister) refers to interrupt.o(vtable) for vtable
    interrupt.o(i.IntUnregister) refers to interrupt.o(i._IntDefaultHandler) for _IntDefaultHandler
    interrupt.o(i.IntUnregister) refers to interrupt.o(vtable) for vtable
    ssi.o(i.SSIIntRegister) refers to interrupt.o(i.IntRegister) for IntRegister
    ssi.o(i.SSIIntRegister) refers to interrupt.o(i.IntEnable) for IntEnable
    ssi.o(i.SSIIntRegister) refers to ssi.o(.constdata) for .constdata
    ssi.o(i.SSIIntUnregister) refers to interrupt.o(i.IntDisable) for IntDisable
    ssi.o(i.SSIIntUnregister) refers to interrupt.o(i.IntUnregister) for IntUnregister
    ssi.o(i.SSIIntUnregister) refers to ssi.o(.constdata) for .constdata
    sysctl.o(i.SysCtlClockFreqSet) refers to sysctl.o(.constdata) for .constdata
    sysctl.o(i.SysCtlClockGet) refers to sysctl.o(.constdata) for .constdata
    sysctl.o(i.SysCtlClockSet) refers to sysctl.o(.emb_text) for SysCtlDelay
    sysctl.o(i.SysCtlDeepSleep) refers to cpu.o(.emb_text) for CPUwfi
    sysctl.o(i.SysCtlIntRegister) refers to interrupt.o(i.IntRegister) for IntRegister
    sysctl.o(i.SysCtlIntRegister) refers to interrupt.o(i.IntEnable) for IntEnable
    sysctl.o(i.SysCtlIntUnregister) refers to interrupt.o(i.IntDisable) for IntDisable
    sysctl.o(i.SysCtlIntUnregister) refers to interrupt.o(i.IntUnregister) for IntUnregister
    sysctl.o(i.SysCtlSleep) refers to cpu.o(.emb_text) for CPUwfi
    uart.o(i.UARTIntRegister) refers to interrupt.o(i.IntRegister) for IntRegister
    uart.o(i.UARTIntRegister) refers to interrupt.o(i.IntEnable) for IntEnable
    uart.o(i.UARTIntRegister) refers to uart.o(.constdata) for .constdata
    uart.o(i.UARTIntUnregister) refers to interrupt.o(i.IntDisable) for IntDisable
    uart.o(i.UARTIntUnregister) refers to interrupt.o(i.IntUnregister) for IntUnregister
    uart.o(i.UARTIntUnregister) refers to uart.o(.constdata) for .constdata
    entry.o(.ARM.Collect$$$$00000000) refers (Special) to entry10a.o(.ARM.Collect$$$$0000000D) for __rt_final_cpp
    entry.o(.ARM.Collect$$$$00000000) refers (Special) to entry11a.o(.ARM.Collect$$$$0000000F) for __rt_final_exit
    entry.o(.ARM.Collect$$$$00000000) refers (Special) to entry7b.o(.ARM.Collect$$$$00000008) for _main_clock
    entry.o(.ARM.Collect$$$$00000000) refers (Special) to entry8b.o(.ARM.Collect$$$$0000000A) for _main_cpp_init
    entry.o(.ARM.Collect$$$$00000000) refers (Special) to entry9a.o(.ARM.Collect$$$$0000000B) for _main_init
    entry.o(.ARM.Collect$$$$00000000) refers (Special) to entry5.o(.ARM.Collect$$$$00000004) for _main_scatterload
    entry.o(.ARM.Collect$$$$00000000) refers (Special) to entry2.o(.ARM.Collect$$$$00000001) for _main_stk
    printfb.o(i.__0fprintf$bare) refers to printfb.o(i._printf_core) for _printf_core
    printfb.o(i.__0fprintf$bare) refers to st7735.o(i.fputc) for fputc
    printfb.o(i.__0printf$bare) refers to printfb.o(i._printf_core) for _printf_core
    printfb.o(i.__0printf$bare) refers to st7735.o(i.fputc) for fputc
    printfb.o(i.__0printf$bare) refers to stdout.o(.data) for __stdout
    printfb.o(i.__0snprintf$bare) refers to printfb.o(i._printf_core) for _printf_core
    printfb.o(i.__0snprintf$bare) refers to printfb.o(i._snputc) for _snputc
    printfb.o(i.__0sprintf$bare) refers to printfb.o(i._printf_core) for _printf_core
    printfb.o(i.__0sprintf$bare) refers to printfb.o(i._sputc) for _sputc
    printfb.o(i.__0vfprintf$bare) refers to printfb.o(i._printf_core) for _printf_core
    printfb.o(i.__0vfprintf$bare) refers to st7735.o(i.fputc) for fputc
    printfb.o(i.__0vprintf$bare) refers to printfb.o(i._printf_core) for _printf_core
    printfb.o(i.__0vprintf$bare) refers to st7735.o(i.fputc) for fputc
    printfb.o(i.__0vprintf$bare) refers to stdout.o(.data) for __stdout
    printfb.o(i.__0vsnprintf$bare) refers to printfb.o(i._printf_core) for _printf_core
    printfb.o(i.__0vsnprintf$bare) refers to printfb.o(i._snputc) for _snputc
    printfb.o(i.__0vsprintf$bare) refers to printfb.o(i._printf_core) for _printf_core
    printfb.o(i.__0vsprintf$bare) refers to printfb.o(i._sputc) for _sputc
    printf0.o(i.__0fprintf$0) refers to printf0.o(i._printf_core) for _printf_core
    printf0.o(i.__0fprintf$0) refers to st7735.o(i.fputc) for fputc
    printf0.o(i.__0printf$0) refers to printf0.o(i._printf_core) for _printf_core
    printf0.o(i.__0printf$0) refers to st7735.o(i.fputc) for fputc
    printf0.o(i.__0printf$0) refers to stdout.o(.data) for __stdout
    printf0.o(i.__0snprintf$0) refers to printf0.o(i._printf_core) for _printf_core
    printf0.o(i.__0snprintf$0) refers to printf0.o(i._snputc) for _snputc
    printf0.o(i.__0sprintf$0) refers to printf0.o(i._printf_core) for _printf_core
    printf0.o(i.__0sprintf$0) refers to printf0.o(i._sputc) for _sputc
    printf0.o(i.__0vfprintf$0) refers to printf0.o(i._printf_core) for _printf_core
    printf0.o(i.__0vfprintf$0) refers to st7735.o(i.fputc) for fputc
    printf0.o(i.__0vprintf$0) refers to printf0.o(i._printf_core) for _printf_core
    printf0.o(i.__0vprintf$0) refers to st7735.o(i.fputc) for fputc
    printf0.o(i.__0vprintf$0) refers to stdout.o(.data) for __stdout
    printf0.o(i.__0vsnprintf$0) refers to printf0.o(i._printf_core) for _printf_core
    printf0.o(i.__0vsnprintf$0) refers to printf0.o(i._snputc) for _snputc
    printf0.o(i.__0vsprintf$0) refers to printf0.o(i._printf_core) for _printf_core
    printf0.o(i.__0vsprintf$0) refers to printf0.o(i._sputc) for _sputc
    printf1.o(i.__0fprintf$1) refers to printf1.o(i._printf_core) for _printf_core
    printf1.o(i.__0fprintf$1) refers to st7735.o(i.fputc) for fputc
    printf1.o(i.__0printf$1) refers to printf1.o(i._printf_core) for _printf_core
    printf1.o(i.__0printf$1) refers to st7735.o(i.fputc) for fputc
    printf1.o(i.__0printf$1) refers to stdout.o(.data) for __stdout
    printf1.o(i.__0snprintf$1) refers to printf1.o(i._printf_core) for _printf_core
    printf1.o(i.__0snprintf$1) refers to printf1.o(i._snputc) for _snputc
    printf1.o(i.__0sprintf$1) refers to printf1.o(i._printf_core) for _printf_core
    printf1.o(i.__0sprintf$1) refers to printf1.o(i._sputc) for _sputc
    printf1.o(i.__0vfprintf$1) refers to printf1.o(i._printf_core) for _printf_core
    printf1.o(i.__0vfprintf$1) refers to st7735.o(i.fputc) for fputc
    printf1.o(i.__0vprintf$1) refers to printf1.o(i._printf_core) for _printf_core
    printf1.o(i.__0vprintf$1) refers to st7735.o(i.fputc) for fputc
    printf1.o(i.__0vprintf$1) refers to stdout.o(.data) for __stdout
    printf1.o(i.__0vsnprintf$1) refers to printf1.o(i._printf_core) for _printf_core
    printf1.o(i.__0vsnprintf$1) refers to printf1.o(i._snputc) for _snputc
    printf1.o(i.__0vsprintf$1) refers to printf1.o(i._printf_core) for _printf_core
    printf1.o(i.__0vsprintf$1) refers to printf1.o(i._sputc) for _sputc
    printf1.o(i._printf_core) refers to uidiv.o(.text) for __aeabi_uidivmod
    printf2.o(i.__0fprintf$2) refers to printf2.o(i._printf_core) for _printf_core
    printf2.o(i.__0fprintf$2) refers to st7735.o(i.fputc) for fputc
    printf2.o(i.__0printf$2) refers to printf2.o(i._printf_core) for _printf_core
    printf2.o(i.__0printf$2) refers to st7735.o(i.fputc) for fputc
    printf2.o(i.__0printf$2) refers to stdout.o(.data) for __stdout
    printf2.o(i.__0snprintf$2) refers to printf2.o(i._printf_core) for _printf_core
    printf2.o(i.__0snprintf$2) refers to printf2.o(i._snputc) for _snputc
    printf2.o(i.__0sprintf$2) refers to printf2.o(i._printf_core) for _printf_core
    printf2.o(i.__0sprintf$2) refers to printf2.o(i._sputc) for _sputc
    printf2.o(i.__0vfprintf$2) refers to printf2.o(i._printf_core) for _printf_core
    printf2.o(i.__0vfprintf$2) refers to st7735.o(i.fputc) for fputc
    printf2.o(i.__0vprintf$2) refers to printf2.o(i._printf_core) for _printf_core
    printf2.o(i.__0vprintf$2) refers to st7735.o(i.fputc) for fputc
    printf2.o(i.__0vprintf$2) refers to stdout.o(.data) for __stdout
    printf2.o(i.__0vsnprintf$2) refers to printf2.o(i._printf_core) for _printf_core
    printf2.o(i.__0vsnprintf$2) refers to printf2.o(i._snputc) for _snputc
    printf2.o(i.__0vsprintf$2) refers to printf2.o(i._printf_core) for _printf_core
    printf2.o(i.__0vsprintf$2) refers to printf2.o(i._sputc) for _sputc
    printf3.o(i.__0fprintf$3) refers to printf3.o(i._printf_core) for _printf_core
    printf3.o(i.__0fprintf$3) refers to st7735.o(i.fputc) for fputc
    printf3.o(i.__0printf$3) refers to printf3.o(i._printf_core) for _printf_core
    printf3.o(i.__0printf$3) refers to st7735.o(i.fputc) for fputc
    printf3.o(i.__0printf$3) refers to stdout.o(.data) for __stdout
    printf3.o(i.__0snprintf$3) refers to printf3.o(i._printf_core) for _printf_core
    printf3.o(i.__0snprintf$3) refers to printf3.o(i._snputc) for _snputc
    printf3.o(i.__0sprintf$3) refers to printf3.o(i._printf_core) for _printf_core
    printf3.o(i.__0sprintf$3) refers to printf3.o(i._sputc) for _sputc
    printf3.o(i.__0vfprintf$3) refers to printf3.o(i._printf_core) for _printf_core
    printf3.o(i.__0vfprintf$3) refers to st7735.o(i.fputc) for fputc
    printf3.o(i.__0vprintf$3) refers to printf3.o(i._printf_core) for _printf_core
    printf3.o(i.__0vprintf$3) refers to st7735.o(i.fputc) for fputc
    printf3.o(i.__0vprintf$3) refers to stdout.o(.data) for __stdout
    printf3.o(i.__0vsnprintf$3) refers to printf3.o(i._printf_core) for _printf_core
    printf3.o(i.__0vsnprintf$3) refers to printf3.o(i._snputc) for _snputc
    printf3.o(i.__0vsprintf$3) refers to printf3.o(i._printf_core) for _printf_core
    printf3.o(i.__0vsprintf$3) refers to printf3.o(i._sputc) for _sputc
    printf3.o(i._printf_core) refers to uidiv.o(.text) for __aeabi_uidivmod
    printf4.o(i.__0fprintf$4) refers to printf4.o(i._printf_core) for _printf_core
    printf4.o(i.__0fprintf$4) refers to st7735.o(i.fputc) for fputc
    printf4.o(i.__0printf$4) refers to printf4.o(i._printf_core) for _printf_core
    printf4.o(i.__0printf$4) refers to st7735.o(i.fputc) for fputc
    printf4.o(i.__0printf$4) refers to stdout.o(.data) for __stdout
    printf4.o(i.__0snprintf$4) refers to printf4.o(i._printf_core) for _printf_core
    printf4.o(i.__0snprintf$4) refers to printf4.o(i._snputc) for _snputc
    printf4.o(i.__0sprintf$4) refers to printf4.o(i._printf_core) for _printf_core
    printf4.o(i.__0sprintf$4) refers to printf4.o(i._sputc) for _sputc
    printf4.o(i.__0vfprintf$4) refers to printf4.o(i._printf_core) for _printf_core
    printf4.o(i.__0vfprintf$4) refers to st7735.o(i.fputc) for fputc
    printf4.o(i.__0vprintf$4) refers to printf4.o(i._printf_core) for _printf_core
    printf4.o(i.__0vprintf$4) refers to st7735.o(i.fputc) for fputc
    printf4.o(i.__0vprintf$4) refers to stdout.o(.data) for __stdout
    printf4.o(i.__0vsnprintf$4) refers to printf4.o(i._printf_core) for _printf_core
    printf4.o(i.__0vsnprintf$4) refers to printf4.o(i._snputc) for _snputc
    printf4.o(i.__0vsprintf$4) refers to printf4.o(i._printf_core) for _printf_core
    printf4.o(i.__0vsprintf$4) refers to printf4.o(i._sputc) for _sputc
    printf4.o(i._printf_core) refers to uldiv.o(.text) for __aeabi_uldivmod
    printf5.o(i.__0fprintf$5) refers to printf5.o(i._printf_core) for _printf_core
    printf5.o(i.__0fprintf$5) refers to st7735.o(i.fputc) for fputc
    printf5.o(i.__0printf$5) refers to printf5.o(i._printf_core) for _printf_core
    printf5.o(i.__0printf$5) refers to st7735.o(i.fputc) for fputc
    printf5.o(i.__0printf$5) refers to stdout.o(.data) for __stdout
    printf5.o(i.__0snprintf$5) refers to printf5.o(i._printf_core) for _printf_core
    printf5.o(i.__0snprintf$5) refers to printf5.o(i._snputc) for _snputc
    printf5.o(i.__0sprintf$5) refers to printf5.o(i._printf_core) for _printf_core
    printf5.o(i.__0sprintf$5) refers to printf5.o(i._sputc) for _sputc
    printf5.o(i.__0vfprintf$5) refers to printf5.o(i._printf_core) for _printf_core
    printf5.o(i.__0vfprintf$5) refers to st7735.o(i.fputc) for fputc
    printf5.o(i.__0vprintf$5) refers to printf5.o(i._printf_core) for _printf_core
    printf5.o(i.__0vprintf$5) refers to st7735.o(i.fputc) for fputc
    printf5.o(i.__0vprintf$5) refers to stdout.o(.data) for __stdout
    printf5.o(i.__0vsnprintf$5) refers to printf5.o(i._printf_core) for _printf_core
    printf5.o(i.__0vsnprintf$5) refers to printf5.o(i._snputc) for _snputc
    printf5.o(i.__0vsprintf$5) refers to printf5.o(i._printf_core) for _printf_core
    printf5.o(i.__0vsprintf$5) refers to printf5.o(i._sputc) for _sputc
    printf5.o(i._printf_core) refers to uldiv.o(.text) for __aeabi_uldivmod
    printf6.o(i.__0fprintf$6) refers to printf6.o(i._printf_core) for _printf_core
    printf6.o(i.__0fprintf$6) refers to st7735.o(i.fputc) for fputc
    printf6.o(i.__0printf$6) refers to printf6.o(i._printf_core) for _printf_core
    printf6.o(i.__0printf$6) refers to st7735.o(i.fputc) for fputc
    printf6.o(i.__0printf$6) refers to stdout.o(.data) for __stdout
    printf6.o(i.__0snprintf$6) refers to printf6.o(i._printf_core) for _printf_core
    printf6.o(i.__0snprintf$6) refers to printf6.o(i._snputc) for _snputc
    printf6.o(i.__0sprintf$6) refers to printf6.o(i._printf_core) for _printf_core
    printf6.o(i.__0sprintf$6) refers to printf6.o(i._sputc) for _sputc
    printf6.o(i.__0vfprintf$6) refers to printf6.o(i._printf_core) for _printf_core
    printf6.o(i.__0vfprintf$6) refers to st7735.o(i.fputc) for fputc
    printf6.o(i.__0vprintf$6) refers to printf6.o(i._printf_core) for _printf_core
    printf6.o(i.__0vprintf$6) refers to st7735.o(i.fputc) for fputc
    printf6.o(i.__0vprintf$6) refers to stdout.o(.data) for __stdout
    printf6.o(i.__0vsnprintf$6) refers to printf6.o(i._printf_core) for _printf_core
    printf6.o(i.__0vsnprintf$6) refers to printf6.o(i._snputc) for _snputc
    printf6.o(i.__0vsprintf$6) refers to printf6.o(i._printf_core) for _printf_core
    printf6.o(i.__0vsprintf$6) refers to printf6.o(i._sputc) for _sputc
    printf6.o(i._printf_core) refers to printf6.o(i._printf_pre_padding) for _printf_pre_padding
    printf6.o(i._printf_core) refers to uidiv.o(.text) for __aeabi_uidivmod
    printf6.o(i._printf_core) refers to printf6.o(i._printf_post_padding) for _printf_post_padding
    printf7.o(i.__0fprintf$7) refers to printf7.o(i._printf_core) for _printf_core
    printf7.o(i.__0fprintf$7) refers to st7735.o(i.fputc) for fputc
    printf7.o(i.__0printf$7) refers to printf7.o(i._printf_core) for _printf_core
    printf7.o(i.__0printf$7) refers to st7735.o(i.fputc) for fputc
    printf7.o(i.__0printf$7) refers to stdout.o(.data) for __stdout
    printf7.o(i.__0snprintf$7) refers to printf7.o(i._printf_core) for _printf_core
    printf7.o(i.__0snprintf$7) refers to printf7.o(i._snputc) for _snputc
    printf7.o(i.__0sprintf$7) refers to printf7.o(i._printf_core) for _printf_core
    printf7.o(i.__0sprintf$7) refers to printf7.o(i._sputc) for _sputc
    printf7.o(i.__0vfprintf$7) refers to printf7.o(i._printf_core) for _printf_core
    printf7.o(i.__0vfprintf$7) refers to st7735.o(i.fputc) for fputc
    printf7.o(i.__0vprintf$7) refers to printf7.o(i._printf_core) for _printf_core
    printf7.o(i.__0vprintf$7) refers to st7735.o(i.fputc) for fputc
    printf7.o(i.__0vprintf$7) refers to stdout.o(.data) for __stdout
    printf7.o(i.__0vsnprintf$7) refers to printf7.o(i._printf_core) for _printf_core
    printf7.o(i.__0vsnprintf$7) refers to printf7.o(i._snputc) for _snputc
    printf7.o(i.__0vsprintf$7) refers to printf7.o(i._printf_core) for _printf_core
    printf7.o(i.__0vsprintf$7) refers to printf7.o(i._sputc) for _sputc
    printf7.o(i._printf_core) refers to printf7.o(i._printf_pre_padding) for _printf_pre_padding
    printf7.o(i._printf_core) refers to uldiv.o(.text) for __aeabi_uldivmod
    printf7.o(i._printf_core) refers to printf7.o(i._printf_post_padding) for _printf_post_padding
    printf8.o(i.__0fprintf$8) refers to printf8.o(i._printf_core) for _printf_core
    printf8.o(i.__0fprintf$8) refers to st7735.o(i.fputc) for fputc
    printf8.o(i.__0printf$8) refers to printf8.o(i._printf_core) for _printf_core
    printf8.o(i.__0printf$8) refers to st7735.o(i.fputc) for fputc
    printf8.o(i.__0printf$8) refers to stdout.o(.data) for __stdout
    printf8.o(i.__0snprintf$8) refers to printf8.o(i._printf_core) for _printf_core
    printf8.o(i.__0snprintf$8) refers to printf8.o(i._snputc) for _snputc
    printf8.o(i.__0sprintf$8) refers to printf8.o(i._printf_core) for _printf_core
    printf8.o(i.__0sprintf$8) refers to printf8.o(i._sputc) for _sputc
    printf8.o(i.__0vfprintf$8) refers to printf8.o(i._printf_core) for _printf_core
    printf8.o(i.__0vfprintf$8) refers to st7735.o(i.fputc) for fputc
    printf8.o(i.__0vprintf$8) refers to printf8.o(i._printf_core) for _printf_core
    printf8.o(i.__0vprintf$8) refers to st7735.o(i.fputc) for fputc
    printf8.o(i.__0vprintf$8) refers to stdout.o(.data) for __stdout
    printf8.o(i.__0vsnprintf$8) refers to printf8.o(i._printf_core) for _printf_core
    printf8.o(i.__0vsnprintf$8) refers to printf8.o(i._snputc) for _snputc
    printf8.o(i.__0vsprintf$8) refers to printf8.o(i._printf_core) for _printf_core
    printf8.o(i.__0vsprintf$8) refers to printf8.o(i._sputc) for _sputc
    printf8.o(i._printf_core) refers to printf8.o(i._printf_pre_padding) for _printf_pre_padding
    printf8.o(i._printf_core) refers to uldiv.o(.text) for __aeabi_uldivmod
    printf8.o(i._printf_core) refers to printf8.o(i._printf_post_padding) for _printf_post_padding
    printfa.o(i.__0fprintf) refers (Special) to iusefp.o(.text) for __I$use$fp
    printfa.o(i.__0fprintf) refers to printfa.o(i._printf_core) for _printf_core
    printfa.o(i.__0fprintf) refers to st7735.o(i.fputc) for fputc
    printfa.o(i.__0printf) refers (Special) to iusefp.o(.text) for __I$use$fp
    printfa.o(i.__0printf) refers to printfa.o(i._printf_core) for _printf_core
    printfa.o(i.__0printf) refers to st7735.o(i.fputc) for fputc
    printfa.o(i.__0printf) refers to stdout.o(.data) for __stdout
    printfa.o(i.__0snprintf) refers (Special) to iusefp.o(.text) for __I$use$fp
    printfa.o(i.__0snprintf) refers to printfa.o(i._printf_core) for _printf_core
    printfa.o(i.__0snprintf) refers to printfa.o(i._snputc) for _snputc
    printfa.o(i.__0sprintf) refers (Special) to iusefp.o(.text) for __I$use$fp
    printfa.o(i.__0sprintf) refers to printfa.o(i._printf_core) for _printf_core
    printfa.o(i.__0sprintf) refers to printfa.o(i._sputc) for _sputc
    printfa.o(i.__0vfprintf) refers (Special) to iusefp.o(.text) for __I$use$fp
    printfa.o(i.__0vfprintf) refers to printfa.o(i._printf_core) for _printf_core
    printfa.o(i.__0vfprintf) refers to st7735.o(i.fputc) for fputc
    printfa.o(i.__0vprintf) refers (Special) to iusefp.o(.text) for __I$use$fp
    printfa.o(i.__0vprintf) refers to printfa.o(i._printf_core) for _printf_core
    printfa.o(i.__0vprintf) refers to st7735.o(i.fputc) for fputc
    printfa.o(i.__0vprintf) refers to stdout.o(.data) for __stdout
    printfa.o(i.__0vsnprintf) refers (Special) to iusefp.o(.text) for __I$use$fp
    printfa.o(i.__0vsnprintf) refers to printfa.o(i._printf_core) for _printf_core
    printfa.o(i.__0vsnprintf) refers to printfa.o(i._snputc) for _snputc
    printfa.o(i.__0vsprintf) refers (Special) to iusefp.o(.text) for __I$use$fp
    printfa.o(i.__0vsprintf) refers to printfa.o(i._printf_core) for _printf_core
    printfa.o(i.__0vsprintf) refers to printfa.o(i._sputc) for _sputc
    printfa.o(i._fp_digits) refers (Special) to iusefp.o(.text) for __I$use$fp
    printfa.o(i._fp_digits) refers to dmul.o(.text) for __aeabi_dmul
    printfa.o(i._fp_digits) refers to ddiv.o(.text) for __aeabi_ddiv
    printfa.o(i._fp_digits) refers to cdrcmple.o(.text) for __aeabi_cdrcmple
    printfa.o(i._fp_digits) refers to dadd.o(.text) for __aeabi_dadd
    printfa.o(i._fp_digits) refers to dfixul.o(.text) for __aeabi_d2ulz
    printfa.o(i._fp_digits) refers to uldiv.o(.text) for __aeabi_uldivmod
    printfa.o(i._printf_core) refers (Special) to iusefp.o(.text) for __I$use$fp
    printfa.o(i._printf_core) refers to printfa.o(i._printf_pre_padding) for _printf_pre_padding
    printfa.o(i._printf_core) refers to uldiv.o(.text) for __aeabi_uldivmod
    printfa.o(i._printf_core) refers to printfa.o(i._printf_post_padding) for _printf_post_padding
    printfa.o(i._printf_core) refers to printfa.o(i._fp_digits) for _fp_digits
    printfa.o(i._printf_core) refers to uidiv.o(.text) for __aeabi_uidivmod
    printfa.o(i._printf_post_padding) refers (Special) to iusefp.o(.text) for __I$use$fp
    printfa.o(i._printf_pre_padding) refers (Special) to iusefp.o(.text) for __I$use$fp
    printfa.o(i._snputc) refers (Special) to iusefp.o(.text) for __I$use$fp
    printfa.o(i._sputc) refers (Special) to iusefp.o(.text) for __I$use$fp
    entry2.o(.ARM.Collect$$$$00000001) refers to entry2.o(.ARM.Collect$$$$00002712) for __lit__00000000
    entry2.o(.ARM.Collect$$$$00002712) refers to startup_rvmdk.o(STACK) for __initial_sp
    entry2.o(__vectab_stack_and_reset_area) refers to startup_rvmdk.o(STACK) for __initial_sp
    entry2.o(__vectab_stack_and_reset_area) refers to entry.o(.ARM.Collect$$$$00000000) for __main
    entry5.o(.ARM.Collect$$$$00000004) refers to init.o(.text) for __scatterload
    entry9a.o(.ARM.Collect$$$$0000000B) refers to main.o(i.main) for main
    entry9b.o(.ARM.Collect$$$$0000000C) refers to main.o(i.main) for main
    uldiv.o(.text) refers to llushr.o(.text) for __aeabi_llsr
    uldiv.o(.text) refers to llshl.o(.text) for __aeabi_llsl
    dadd.o(.text) refers to llshl.o(.text) for __aeabi_llsl
    dadd.o(.text) refers to llsshr.o(.text) for __aeabi_lasr
    dadd.o(.text) refers to depilogue.o(.text) for _double_epilogue
    dmul.o(.text) refers to depilogue.o(.text) for _double_epilogue
    ddiv.o(.text) refers to depilogue.o(.text) for _double_round
    dfixul.o(.text) refers to llushr.o(.text) for __aeabi_llsr
    dfixul.o(.text) refers to llshl.o(.text) for __aeabi_llsl
    init.o(.text) refers to entry5.o(.ARM.Collect$$$$00000004) for __main_after_scatterload
    depilogue.o(.text) refers to llshl.o(.text) for __aeabi_llsl
    depilogue.o(.text) refers to llushr.o(.text) for __aeabi_llsr


==============================================================================

Removing Unused input sections from the image.

    Removing main.o(i.SimpleLinkGeneralEventHandler), (28 bytes).
    Removing main.o(i.SimpleLinkSockEventHandler), (68 bytes).
    Removing board.o(i.Delay), (26 bytes).
    Removing board.o(i.MaskIntHdlr), (12 bytes).
    Removing board.o(i.UART1_intHandler), (28 bytes).
    Removing board.o(i.UnMaskIntHdlr), (12 bytes).
    Removing board.o(i.stopWDT), (2 bytes).
    Removing nokia5110.o(i.Nokia5110_Clear), (34 bytes).
    Removing nokia5110.o(i.Nokia5110_ClearBuffer), (24 bytes).
    Removing nokia5110.o(i.Nokia5110_ClrPxl), (44 bytes).
    Removing nokia5110.o(i.Nokia5110_DisplayBuffer), (12 bytes).
    Removing nokia5110.o(i.Nokia5110_DrawFullImage), (34 bytes).
    Removing nokia5110.o(i.Nokia5110_Init), (292 bytes).
    Removing nokia5110.o(i.Nokia5110_OutChar), (128 bytes).
    Removing nokia5110.o(i.Nokia5110_OutString), (20 bytes).
    Removing nokia5110.o(i.Nokia5110_OutUDec), (172 bytes).
    Removing nokia5110.o(i.Nokia5110_PrintBMP), (272 bytes).
    Removing nokia5110.o(i.Nokia5110_SetCursor), (52 bytes).
    Removing nokia5110.o(i.Nokia5110_SetPxl), (44 bytes).
    Removing nokia5110.o(i.lcdwrite), (52 bytes).
    Removing nokia5110.o(.bss), (504 bytes).
    Removing nokia5110.o(.constdata), (488 bytes).
    Removing nokia5110.o(.data), (8 bytes).
    Removing led.o(i.LED_BlueToggle), (16 bytes).
    Removing led.o(i.LED_GreenToggle), (16 bytes).
    Removing led.o(i.LED_RedOff), (12 bytes).
    Removing led.o(i.LED_RedOn), (12 bytes).
    Removing device.o(i.sl_DevSet), (64 bytes).
    Removing device.o(i.sl_EventMaskGet), (32 bytes).
    Removing device.o(i.sl_EventMaskSet), (32 bytes).
    Removing device.o(i.sl_Task), (4 bytes).
    Removing fs.o(i._GetCreateFsMode), (84 bytes).
    Removing fs.o(i.sl_FsClose), (104 bytes).
    Removing fs.o(i.sl_FsDel), (64 bytes).
    Removing fs.o(i.sl_FsGetInfo), (96 bytes).
    Removing fs.o(i.sl_FsOpen), (88 bytes).
    Removing fs.o(i.sl_FsRead), (140 bytes).
    Removing fs.o(i.sl_FsWrite), (140 bytes).
    Removing fs.o(i.sl_Strlen), (22 bytes).
    Removing fs.o(.constdata), (44 bytes).
    Removing netapp.o(i._sl_HandleAsync_DnsGetHostByAddr), (2 bytes).
    Removing netapp.o(i.sl_NetAppDnsGetHostByService), (196 bytes).
    Removing netapp.o(i.sl_NetAppGet), (96 bytes).
    Removing netapp.o(i.sl_NetAppGetServiceList), (104 bytes).
    Removing netapp.o(i.sl_NetAppMDNSRegisterService), (24 bytes).
    Removing netapp.o(i.sl_NetAppPingStart), (272 bytes).
    Removing netapp.o(i.sl_NetAppSet), (64 bytes).
    Removing netapp.o(i.sl_NetAppStart), (28 bytes).
    Removing netapp.o(i.sl_NetAppStop), (28 bytes).
    Removing netcfg.o(i.sl_NetCfgGet), (108 bytes).
    Removing socket.o(i.SL_FD_CLR), (16 bytes).
    Removing socket.o(i.SL_FD_ISSET), (22 bytes).
    Removing socket.o(i.SL_FD_SET), (16 bytes).
    Removing socket.o(i.SL_FD_ZERO), (6 bytes).
    Removing socket.o(i._sl_ParseAddress), (50 bytes).
    Removing socket.o(i.sl_Accept), (264 bytes).
    Removing socket.o(i.sl_Bind), (96 bytes).
    Removing socket.o(i.sl_GetSockOpt), (112 bytes).
    Removing socket.o(i.sl_Listen), (36 bytes).
    Removing socket.o(i.sl_RecvFrom), (164 bytes).
    Removing socket.o(i.sl_Select), (272 bytes).
    Removing socket.o(i.sl_SendTo), (174 bytes).
    Removing socket.o(i.sl_SetSockOpt), (64 bytes).
    Removing startup_rvmdk.o(HEAP), (0 bytes).
    Removing wlan.o(i.sl_WlanGet), (116 bytes).
    Removing wlan.o(i.sl_WlanGetNetworkList), (68 bytes).
    Removing wlan.o(i.sl_WlanPolicyGet), (116 bytes).
    Removing wlan.o(i.sl_WlanProfileAdd), (436 bytes).
    Removing wlan.o(i.sl_WlanProfileGet), (172 bytes).
    Removing wlan.o(i.sl_WlanRxFilterAdd), (88 bytes).
    Removing wlan.o(i.sl_WlanRxFilterGet), (84 bytes).
    Removing wlan.o(i.sl_WlanRxFilterSet), (52 bytes).
    Removing wlan.o(i.sl_WlanRxStatGet), (40 bytes).
    Removing wlan.o(i.sl_WlanRxStatStart), (8 bytes).
    Removing wlan.o(i.sl_WlanRxStatStop), (8 bytes).
    Removing wlan.o(i.sl_WlanSmartConfigStart), (108 bytes).
    Removing wlan.o(i.sl_WlanSmartConfigStop), (8 bytes).
    Removing uartstdio.o(i.GetBufferCount), (18 bytes).
    Removing uartstdio.o(i.UARTEchoSet), (16 bytes).
    Removing uartstdio.o(i.UARTOutString), (52 bytes).
    Removing uartstdio.o(i.UARTPeek), (60 bytes).
    Removing uartstdio.o(i.UARTRxBytesAvail), (16 bytes).
    Removing uartstdio.o(i.UARTTxBytesFree), (24 bytes).
    Removing uartstdio.o(i.UARTgetc), (44 bytes).
    Removing uartstdio.o(i.UARTgets), (100 bytes).
    Removing ustdlib.o(i.ucmptime), (82 bytes).
    Removing ustdlib.o(i.ulocaltime), (168 bytes).
    Removing ustdlib.o(i.umktime), (58 bytes).
    Removing ustdlib.o(i.urand), (28 bytes).
    Removing ustdlib.o(i.usnprintf), (18 bytes).
    Removing ustdlib.o(i.usprintf), (22 bytes).
    Removing ustdlib.o(i.usrand), (12 bytes).
    Removing ustdlib.o(i.ustrcasecmp), (8 bytes).
    Removing ustdlib.o(i.ustrcmp), (8 bytes).
    Removing ustdlib.o(i.ustrlen), (16 bytes).
    Removing ustdlib.o(i.ustrncasecmp), (70 bytes).
    Removing ustdlib.o(i.ustrncmp), (46 bytes).
    Removing ustdlib.o(i.ustrncpy), (34 bytes).
    Removing ustdlib.o(i.ustrstr), (42 bytes).
    Removing ustdlib.o(i.ustrtof), (320 bytes).
    Removing ustdlib.o(i.ustrtoul), (154 bytes).
    Removing ustdlib.o(i.uvsnprintf), (592 bytes).
    Removing ustdlib.o(.constdata), (76 bytes).
    Removing ustdlib.o(.conststring), (17 bytes).
    Removing ustdlib.o(.data), (4 bytes).
    Removing systick.o(i.SysTick_Wait), (24 bytes).
    Removing systick.o(i.SysTick_Wait10ms), (28 bytes).
    Removing clockscreen.o(i.digital_Print), (108 bytes).
    Removing clockscreen.o(.bss), (25 bytes).
    Removing clockscreen.o(.constdata), (24200 bytes).
    Removing clockscreen.o(.data), (240 bytes).
    Removing clockscreen.o(.data), (240 bytes).
    Removing clockscreen.o(.data), (48 bytes).
    Removing clockscreen.o(.data), (48 bytes).
    Removing st7735.o(i.Output_Clear), (6 bytes).
    Removing st7735.o(i.Output_Color), (12 bytes).
    Removing st7735.o(i.Output_Init), (18 bytes).
    Removing st7735.o(i.Output_Off), (6 bytes).
    Removing st7735.o(i.Output_On), (4 bytes).
    Removing st7735.o(i.Return_XPos), (12 bytes).
    Removing st7735.o(i.Return_YPos), (12 bytes).
    Removing st7735.o(i.ST7735_BresenhamLine), (244 bytes).
    Removing st7735.o(i.ST7735_Color565), (20 bytes).
    Removing st7735.o(i.ST7735_DrawBitmap), (232 bytes).
    Removing st7735.o(i.ST7735_DrawChar), (200 bytes).
    Removing st7735.o(i.ST7735_DrawFastHLine), (84 bytes).
    Removing st7735.o(i.ST7735_DrawFastVLine), (84 bytes).
    Removing st7735.o(i.ST7735_InitB), (44 bytes).
    Removing st7735.o(i.ST7735_InvertDisplay), (12 bytes).
    Removing st7735.o(i.ST7735_OutUDec), (88 bytes).
    Removing st7735.o(i.ST7735_PlotBar), (60 bytes).
    Removing st7735.o(i.ST7735_PlotClear), (60 bytes).
    Removing st7735.o(i.ST7735_PlotLine), (204 bytes).
    Removing st7735.o(i.ST7735_PlotNext), (24 bytes).
    Removing st7735.o(i.ST7735_PlotNextErase), (52 bytes).
    Removing st7735.o(i.ST7735_PlotPoint), (120 bytes).
    Removing st7735.o(i.ST7735_PlotPoints), (128 bytes).
    Removing st7735.o(i.ST7735_PlotdBfs), (52 bytes).
    Removing st7735.o(i.ST7735_SetRotation), (116 bytes).
    Removing st7735.o(i.ST7735_SetTextColor), (12 bytes).
    Removing st7735.o(i.ST7735_SwapColor), (16 bytes).
    Removing st7735.o(i.ferror), (6 bytes).
    Removing st7735.o(i.fgetc), (4 bytes).
    Removing st7735.o(i.fillmessage), (52 bytes).
    Removing st7735.o(i.fputc), (12 bytes).
    Removing st7735.o(.bss), (12 bytes).
    Removing time.o(i.Alarm_Hour_Increment), (24 bytes).
    Removing time.o(i.Alarm_Hour_Return), (12 bytes).
    Removing time.o(i.Alarm_Minute_Increment), (28 bytes).
    Removing time.o(i.Alarm_Minute_Return), (12 bytes).
    Removing time.o(i.Alarm_Off), (12 bytes).
    Removing time.o(i.Alarm_On), (12 bytes).
    Removing time.o(i.Alarm_Status), (12 bytes).
    Removing time.o(i.Clock_Hour_Increment), (36 bytes).
    Removing time.o(i.Clock_Hour_Return), (12 bytes).
    Removing time.o(i.Clock_Minute_Increment), (36 bytes).
    Removing time.o(i.Clock_Minute_Return), (12 bytes).
    Removing time.o(i.Clock_Second_Return), (12 bytes).
    Removing time.o(i.timeKeep), (68 bytes).
    Removing time.o(.data), (24 bytes).
    Removing fpu.o(i.FPUDisable), (16 bytes).
    Removing fpu.o(i.FPUFlushToZeroModeSet), (20 bytes).
    Removing fpu.o(i.FPUHalfPrecisionModeSet), (20 bytes).
    Removing fpu.o(i.FPUNaNModeSet), (20 bytes).
    Removing fpu.o(i.FPURoundingModeSet), (20 bytes).
    Removing fpu.o(i.FPUStackingDisable), (16 bytes).
    Removing fpu.o(i.FPUStackingEnable), (20 bytes).
    Removing gpio.o(i.GPIOADCTriggerDisable), (14 bytes).
    Removing gpio.o(i.GPIOADCTriggerEnable), (14 bytes).
    Removing gpio.o(i.GPIODMATriggerDisable), (14 bytes).
    Removing gpio.o(i.GPIODMATriggerEnable), (14 bytes).
    Removing gpio.o(i.GPIODirModeGet), (34 bytes).
    Removing gpio.o(i.GPIOIntRegister), (88 bytes).
    Removing gpio.o(i.GPIOIntTypeGet), (68 bytes).
    Removing gpio.o(i.GPIOIntUnregister), (88 bytes).
    Removing gpio.o(i.GPIOPadConfigGet), (204 bytes).
    Removing gpio.o(i.GPIOPinRead), (6 bytes).
    Removing gpio.o(i.GPIOPinTypeADC), (28 bytes).
    Removing gpio.o(i.GPIOPinTypeCAN), (28 bytes).
    Removing gpio.o(i.GPIOPinTypeCIR), (28 bytes).
    Removing gpio.o(i.GPIOPinTypeComparator), (28 bytes).
    Removing gpio.o(i.GPIOPinTypeEPI), (28 bytes).
    Removing gpio.o(i.GPIOPinTypeEthernetLED), (28 bytes).
    Removing gpio.o(i.GPIOPinTypeEthernetMII), (28 bytes).
    Removing gpio.o(i.GPIOPinTypeGPIOOutputOD), (28 bytes).
    Removing gpio.o(i.GPIOPinTypeI2C), (28 bytes).
    Removing gpio.o(i.GPIOPinTypeI2CSCL), (28 bytes).
    Removing gpio.o(i.GPIOPinTypeKBColumn), (28 bytes).
    Removing gpio.o(i.GPIOPinTypeKBRow), (28 bytes).
    Removing gpio.o(i.GPIOPinTypeLCD), (28 bytes).
    Removing gpio.o(i.GPIOPinTypeLEDSeq), (28 bytes).
    Removing gpio.o(i.GPIOPinTypeLPC), (28 bytes).
    Removing gpio.o(i.GPIOPinTypePECIRx), (28 bytes).
    Removing gpio.o(i.GPIOPinTypePECITx), (28 bytes).
    Removing gpio.o(i.GPIOPinTypePWM), (28 bytes).
    Removing gpio.o(i.GPIOPinTypeQEI), (28 bytes).
    Removing gpio.o(i.GPIOPinTypeTimer), (28 bytes).
    Removing gpio.o(i.GPIOPinTypeUSBAnalog), (28 bytes).
    Removing gpio.o(i.GPIOPinTypeUSBDigital), (28 bytes).
    Removing gpio.o(i.GPIOPinTypeWakeHigh), (30 bytes).
    Removing gpio.o(i.GPIOPinTypeWakeLow), (30 bytes).
    Removing gpio.o(i.GPIOPinWakeStatus), (6 bytes).
    Removing interrupt.o(i.IntDisable), (100 bytes).
    Removing interrupt.o(i.IntIsEnabled), (96 bytes).
    Removing interrupt.o(i.IntMasterDisable), (14 bytes).
    Removing interrupt.o(i.IntPendClear), (68 bytes).
    Removing interrupt.o(i.IntPendSet), (84 bytes).
    Removing interrupt.o(i.IntPriorityGet), (28 bytes).
    Removing interrupt.o(i.IntPriorityGroupingGet), (36 bytes).
    Removing interrupt.o(i.IntPriorityGroupingSet), (28 bytes).
    Removing interrupt.o(i.IntPriorityMaskGet), (4 bytes).
    Removing interrupt.o(i.IntPriorityMaskSet), (4 bytes).
    Removing interrupt.o(i.IntPrioritySet), (40 bytes).
    Removing interrupt.o(i.IntRegister), (52 bytes).
    Removing interrupt.o(i.IntTrigger), (12 bytes).
    Removing interrupt.o(i.IntUnregister), (20 bytes).
    Removing interrupt.o(i._IntDefaultHandler), (2 bytes).
    Removing interrupt.o(vtable), (620 bytes).
    Removing ssi.o(i.SSIAdvDataPutFrameEnd), (20 bytes).
    Removing ssi.o(i.SSIAdvDataPutFrameEndNonBlocking), (26 bytes).
    Removing ssi.o(i.SSIAdvFrameHoldDisable), (10 bytes).
    Removing ssi.o(i.SSIAdvFrameHoldEnable), (10 bytes).
    Removing ssi.o(i.SSIAdvModeSet), (12 bytes).
    Removing ssi.o(i.SSIBusy), (8 bytes).
    Removing ssi.o(i.SSIClockSourceGet), (6 bytes).
    Removing ssi.o(i.SSIClockSourceSet), (6 bytes).
    Removing ssi.o(i.SSIDMADisable), (10 bytes).
    Removing ssi.o(i.SSIDMAEnable), (8 bytes).
    Removing ssi.o(i.SSIDataGet), (14 bytes).
    Removing ssi.o(i.SSIDataPut), (12 bytes).
    Removing ssi.o(i.SSIDisable), (10 bytes).
    Removing ssi.o(i.SSIIntClear), (4 bytes).
    Removing ssi.o(i.SSIIntDisable), (10 bytes).
    Removing ssi.o(i.SSIIntEnable), (8 bytes).
    Removing ssi.o(i.SSIIntRegister), (88 bytes).
    Removing ssi.o(i.SSIIntStatus), (10 bytes).
    Removing ssi.o(i.SSIIntUnregister), (88 bytes).
    Removing ssi.o(.constdata), (64 bytes).
    Removing sysctl.o(i.SysCtlAltClkConfig), (12 bytes).
    Removing sysctl.o(i.SysCtlClockFreqSet), (712 bytes).
    Removing sysctl.o(i.SysCtlClockOutConfig), (16 bytes).
    Removing sysctl.o(i.SysCtlDeepSleep), (32 bytes).
    Removing sysctl.o(i.SysCtlDeepSleepClockConfigSet), (112 bytes).
    Removing sysctl.o(i.SysCtlDeepSleepClockSet), (12 bytes).
    Removing sysctl.o(i.SysCtlDeepSleepPowerSet), (12 bytes).
    Removing sysctl.o(i.SysCtlFlashSectorSizeGet), (56 bytes).
    Removing sysctl.o(i.SysCtlFlashSizeGet), (56 bytes).
    Removing sysctl.o(i.SysCtlGPIOAHBDisable), (28 bytes).
    Removing sysctl.o(i.SysCtlGPIOAHBEnable), (24 bytes).
    Removing sysctl.o(i.SysCtlIntClear), (12 bytes).
    Removing sysctl.o(i.SysCtlIntDisable), (16 bytes).
    Removing sysctl.o(i.SysCtlIntEnable), (16 bytes).
    Removing sysctl.o(i.SysCtlIntRegister), (20 bytes).
    Removing sysctl.o(i.SysCtlIntStatus), (16 bytes).
    Removing sysctl.o(i.SysCtlIntUnregister), (18 bytes).
    Removing sysctl.o(i.SysCtlLDODeepSleepGet), (12 bytes).
    Removing sysctl.o(i.SysCtlLDODeepSleepSet), (12 bytes).
    Removing sysctl.o(i.SysCtlLDOSleepGet), (12 bytes).
    Removing sysctl.o(i.SysCtlLDOSleepSet), (12 bytes).
    Removing sysctl.o(i.SysCtlMOSCConfigSet), (12 bytes).
    Removing sysctl.o(i.SysCtlNMIClear), (16 bytes).
    Removing sysctl.o(i.SysCtlNMIStatus), (12 bytes).
    Removing sysctl.o(i.SysCtlPIOSCCalibrate), (76 bytes).
    Removing sysctl.o(i.SysCtlPWMClockGet), (24 bytes).
    Removing sysctl.o(i.SysCtlPWMClockSet), (20 bytes).
    Removing sysctl.o(i.SysCtlPeripheralClockGating), (68 bytes).
    Removing sysctl.o(i.SysCtlPeripheralDeepSleepDisable), (40 bytes).
    Removing sysctl.o(i.SysCtlPeripheralDeepSleepEnable), (40 bytes).
    Removing sysctl.o(i.SysCtlPeripheralDisable), (40 bytes).
    Removing sysctl.o(i.SysCtlPeripheralPowerOff), (40 bytes).
    Removing sysctl.o(i.SysCtlPeripheralPowerOn), (40 bytes).
    Removing sysctl.o(i.SysCtlPeripheralPresent), (44 bytes).
    Removing sysctl.o(i.SysCtlPeripheralReady), (44 bytes).
    Removing sysctl.o(i.SysCtlPeripheralReset), (60 bytes).
    Removing sysctl.o(i.SysCtlPeripheralSleepDisable), (40 bytes).
    Removing sysctl.o(i.SysCtlPeripheralSleepEnable), (40 bytes).
    Removing sysctl.o(i.SysCtlReset), (16 bytes).
    Removing sysctl.o(i.SysCtlResetBehaviorGet), (12 bytes).
    Removing sysctl.o(i.SysCtlResetBehaviorSet), (12 bytes).
    Removing sysctl.o(i.SysCtlResetCauseClear), (16 bytes).
    Removing sysctl.o(i.SysCtlResetCauseGet), (12 bytes).
    Removing sysctl.o(i.SysCtlSRAMSizeGet), (16 bytes).
    Removing sysctl.o(i.SysCtlSleep), (4 bytes).
    Removing sysctl.o(i.SysCtlSleepPowerSet), (12 bytes).
    Removing sysctl.o(i.SysCtlUSBPLLDisable), (16 bytes).
    Removing sysctl.o(i.SysCtlUSBPLLEnable), (16 bytes).
    Removing sysctl.o(i.SysCtlVoltageEventClear), (16 bytes).
    Removing sysctl.o(i.SysCtlVoltageEventConfig), (12 bytes).
    Removing sysctl.o(i.SysCtlVoltageEventStatus), (12 bytes).
    Removing uart.o(i.UART9BitAddrSend), (38 bytes).
    Removing uart.o(i.UART9BitAddrSet), (10 bytes).
    Removing uart.o(i.UART9BitDisable), (14 bytes).
    Removing uart.o(i.UART9BitEnable), (14 bytes).
    Removing uart.o(i.UARTBreakCtl), (18 bytes).
    Removing uart.o(i.UARTBusy), (8 bytes).
    Removing uart.o(i.UARTCharGet), (12 bytes).
    Removing uart.o(i.UARTCharGetNonBlocking), (16 bytes).
    Removing uart.o(i.UARTCharPut), (12 bytes).
    Removing uart.o(i.UARTCharPutNonBlocking), (16 bytes).
    Removing uart.o(i.UARTCharsAvail), (10 bytes).
    Removing uart.o(i.UARTClockSourceGet), (6 bytes).
    Removing uart.o(i.UARTClockSourceSet), (6 bytes).
    Removing uart.o(i.UARTConfigGetExpClk), (46 bytes).
    Removing uart.o(i.UARTConfigSetExpClk), (110 bytes).
    Removing uart.o(i.UARTDMADisable), (10 bytes).
    Removing uart.o(i.UARTDMAEnable), (8 bytes).
    Removing uart.o(i.UARTDisable), (30 bytes).
    Removing uart.o(i.UARTDisableSIR), (10 bytes).
    Removing uart.o(i.UARTEnable), (20 bytes).
    Removing uart.o(i.UARTEnableSIR), (18 bytes).
    Removing uart.o(i.UARTFIFODisable), (10 bytes).
    Removing uart.o(i.UARTFIFOEnable), (10 bytes).
    Removing uart.o(i.UARTFIFOLevelGet), (16 bytes).
    Removing uart.o(i.UARTFIFOLevelSet), (6 bytes).
    Removing uart.o(i.UARTFlowControlGet), (8 bytes).
    Removing uart.o(i.UARTFlowControlSet), (12 bytes).
    Removing uart.o(i.UARTIntClear), (4 bytes).
    Removing uart.o(i.UARTIntDisable), (10 bytes).
    Removing uart.o(i.UARTIntEnable), (8 bytes).
    Removing uart.o(i.UARTIntRegister), (88 bytes).
    Removing uart.o(i.UARTIntStatus), (10 bytes).
    Removing uart.o(i.UARTIntUnregister), (88 bytes).
    Removing uart.o(i.UARTModemControlClear), (14 bytes).
    Removing uart.o(i.UARTModemControlGet), (8 bytes).
    Removing uart.o(i.UARTModemControlSet), (12 bytes).
    Removing uart.o(i.UARTModemStatusGet), (10 bytes).
    Removing uart.o(i.UARTParityModeGet), (8 bytes).
    Removing uart.o(i.UARTParityModeSet), (12 bytes).
    Removing uart.o(i.UARTRxErrorClear), (6 bytes).
    Removing uart.o(i.UARTRxErrorGet), (8 bytes).
    Removing uart.o(i.UARTSmartCardDisable), (10 bytes).
    Removing uart.o(i.UARTSmartCardEnable), (22 bytes).
    Removing uart.o(i.UARTSpaceAvail), (10 bytes).
    Removing uart.o(i.UARTTxIntModeGet), (8 bytes).
    Removing uart.o(i.UARTTxIntModeSet), (12 bytes).
    Removing uart.o(.constdata), (128 bytes).
    Removing dadd.o(.text), (334 bytes).
    Removing dmul.o(.text), (228 bytes).
    Removing ddiv.o(.text), (222 bytes).
    Removing dfixul.o(.text), (48 bytes).
    Removing cdrcmple.o(.text), (40 bytes).
    Removing depilogue.o(.text), (190 bytes).

342 unused section(s) (total 43298 bytes) removed from the image.

==============================================================================

Memory Map of the image

  Image Entry point : 0x00000000

  Load Region LR_IROM (Base: 0x00000000, Size: 0x00005494, Max: 0x00040000, ABSOLUTE)

    Execution Region ER_IROM (Base: 0x00000000, Size: 0x00005420, Max: 0x00040000, ABSOLUTE)

    Base Addr    Size         Type   Attr      Idx    E Section Name        Object

    0x00000000   0x00000288   Code   RO         1156  * RESET               startup_rvmdk.o
    0x00000288   0x00000000   Code   RO         3273  * .ARM.Collect$$$$00000000  mc_w.l(entry.o)
    0x00000288   0x00000004   Code   RO         3547    .ARM.Collect$$$$00000001  mc_w.l(entry2.o)
    0x0000028c   0x00000004   Code   RO         3550    .ARM.Collect$$$$00000004  mc_w.l(entry5.o)
    0x00000290   0x00000000   Code   RO         3552    .ARM.Collect$$$$00000008  mc_w.l(entry7b.o)
    0x00000290   0x00000000   Code   RO         3554    .ARM.Collect$$$$0000000A  mc_w.l(entry8b.o)
    0x00000290   0x00000008   Code   RO         3555    .ARM.Collect$$$$0000000B  mc_w.l(entry9a.o)
    0x00000298   0x00000000   Code   RO         3557    .ARM.Collect$$$$0000000D  mc_w.l(entry10a.o)
    0x00000298   0x00000000   Code   RO         3559    .ARM.Collect$$$$0000000F  mc_w.l(entry11a.o)
    0x00000298   0x00000004   Code   RO         3548    .ARM.Collect$$$$00002712  mc_w.l(entry2.o)
    0x0000029c   0x00000006   Code   RO         2632    .emb_text           driverlib.lib(sysctl.o)
    0x000002a2   0x00000002   PAD
    0x000002a4   0x00000026   Code   RO         3263    .emb_text           driverlib.lib(cpu.o)
    0x000002ca   0x00000002   PAD
    0x000002cc   0x00000008   Code   RO         1157    .text               startup_rvmdk.o
    0x000002d4   0x00000024   Code   RO         3276    .text               mc_w.l(memcpya.o)
    0x000002f8   0x00000024   Code   RO         3278    .text               mc_w.l(memseta.o)
    0x0000031c   0x0000000e   Code   RO         3280    .text               mc_w.l(strlen.o)
    0x0000032a   0x00000012   Code   RO         3282    .text               mc_w.l(strcpy.o)
    0x0000033c   0x0000002c   Code   RO         3562    .text               mc_w.l(uidiv.o)
    0x00000368   0x00000024   Code   RO         3577    .text               mc_w.l(init.o)
    0x0000038c   0x0000001c   Code   RO            1    i.ADC0_InSeq3       main.o
    0x000003a8   0x000000c0   Code   RO            2    i.ADC0_InitSWTriggerSeq3_Ch9  main.o
    0x00000468   0x00000014   Code   RO          374    i.Board_Input       led.o
    0x0000047c   0x0000000c   Code   RO          185    i.CC3100_InterruptDisable  board.o
    0x00000488   0x0000000c   Code   RO          186    i.CC3100_InterruptEnable  board.o
    0x00000494   0x00000010   Code   RO          187    i.CC3100_disable    board.o
    0x000004a4   0x00000010   Code   RO          188    i.CC3100_enable     board.o
    0x000004b4   0x0000001a   Code   RO          779    i.CopyPingResultsToReport  netapp.o
    0x000004ce   0x00000012   Code   RO            3    i.Crash             main.o
    0x000004e0   0x0000001a   Code   RO         1593    i.Delay1ms          st7735.o
    0x000004fa   0x00000002   PAD
    0x000004fc   0x00000010   Code   RO         1976    i.FPUEnable         driverlib.lib(fpu.o)
    0x0000050c   0x00000010   Code   RO         1979    i.FPULazyStackingEnable  driverlib.lib(fpu.o)
    0x0000051c   0x00000034   Code   RO          190    i.GPIOB_intHandler  board.o
    0x00000550   0x00000028   Code   RO         2052    i.GPIODirModeSet    driverlib.lib(gpio.o)
    0x00000578   0x00000006   Code   RO         2053    i.GPIOIntClear      driverlib.lib(gpio.o)
    0x0000057e   0x0000000e   Code   RO         2054    i.GPIOIntDisable    driverlib.lib(gpio.o)
    0x0000058c   0x0000000e   Code   RO         2055    i.GPIOIntEnable     driverlib.lib(gpio.o)
    0x0000059a   0x0000000e   Code   RO         2057    i.GPIOIntStatus     driverlib.lib(gpio.o)
    0x000005a8   0x00000050   Code   RO         2059    i.GPIOIntTypeSet    driverlib.lib(gpio.o)
    0x000005f8   0x0000013a   Code   RO         2062    i.GPIOPadConfigSet  driverlib.lib(gpio.o)
    0x00000732   0x00000002   PAD
    0x00000734   0x00000048   Code   RO         2063    i.GPIOPinConfigure  driverlib.lib(gpio.o)
    0x0000077c   0x0000001c   Code   RO         2072    i.GPIOPinTypeGPIOInput  driverlib.lib(gpio.o)
    0x00000798   0x0000001c   Code   RO         2073    i.GPIOPinTypeGPIOOutput  driverlib.lib(gpio.o)
    0x000007b4   0x0000001c   Code   RO         2086    i.GPIOPinTypeSSI    driverlib.lib(gpio.o)
    0x000007d0   0x0000001c   Code   RO         2088    i.GPIOPinTypeUART   driverlib.lib(gpio.o)
    0x000007ec   0x00000006   Code   RO         2094    i.GPIOPinWrite      driverlib.lib(gpio.o)
    0x000007f2   0x00000044   Code   RO          434    i.GetStartResponseConvert  device.o
    0x00000836   0x00000002   PAD
    0x00000838   0x00000064   Code   RO         2368    i.IntEnable         driverlib.lib(interrupt.o)
    0x0000089c   0x0000000e   Code   RO         2371    i.IntMasterEnable   driverlib.lib(interrupt.o)
    0x000008aa   0x00000010   Code   RO         1291    i.IsBufferEmpty     uartstdio.o
    0x000008ba   0x0000001a   Code   RO         1292    i.IsBufferFull      uartstdio.o
    0x000008d4   0x0000000c   Code   RO          376    i.LED_GreenOff      led.o
    0x000008e0   0x0000000c   Code   RO          377    i.LED_GreenOn       led.o
    0x000008ec   0x00000064   Code   RO          379    i.LED_Init          led.o
    0x00000950   0x00000010   Code   RO          382    i.LED_RedToggle     led.o
    0x00000960   0x0000004a   Code   RO         2488    i.SSIConfigSetExpClk  driverlib.lib(ssi.o)
    0x000009aa   0x00000014   Code   RO         2492    i.SSIDataGetNonBlocking  driverlib.lib(ssi.o)
    0x000009be   0x00000010   Code   RO         2494    i.SSIDataPutNonBlocking  driverlib.lib(ssi.o)
    0x000009ce   0x0000000a   Code   RO         2496    i.SSIEnable         driverlib.lib(ssi.o)
    0x000009d8   0x000000bc   Code   RO         1605    i.ST7735_DrawCharS  st7735.o
    0x00000a94   0x0000003c   Code   RO         1608    i.ST7735_DrawPixel  st7735.o
    0x00000ad0   0x00000052   Code   RO         1609    i.ST7735_DrawString  st7735.o
    0x00000b22   0x00000002   PAD
    0x00000b24   0x00000078   Code   RO         1610    i.ST7735_FillRect   st7735.o
    0x00000b9c   0x0000001c   Code   RO         1611    i.ST7735_FillScreen  st7735.o
    0x00000bb8   0x00000068   Code   RO         1613    i.ST7735_InitR      st7735.o
    0x00000c20   0x000000a0   Code   RO         1615    i.ST7735_OutChar    st7735.o
    0x00000cc0   0x00000014   Code   RO         1616    i.ST7735_OutString  st7735.o
    0x00000cd4   0x00000014   Code   RO         1626    i.ST7735_SetCursor  st7735.o
    0x00000ce8   0x0000002c   Code   RO            5    i.SimpleLinkHttpServerCallback  main.o
    0x00000d14   0x00000040   Code   RO            6    i.SimpleLinkNetAppEventHandler  main.o
    0x00000d54   0x000000d0   Code   RO            8    i.SimpleLinkWlanEventHandler  main.o
    0x00000e24   0x00000164   Code   RO         2635    i.SysCtlClockGet    driverlib.lib(sysctl.o)
    0x00000f88   0x00000120   Code   RO         2637    i.SysCtlClockSet    driverlib.lib(sysctl.o)
    0x000010a8   0x00000028   Code   RO         2666    i.SysCtlPeripheralEnable  driverlib.lib(sysctl.o)
    0x000010d0   0x00000016   Code   RO         1530    i.SysTick_Init      systick.o
    0x000010e6   0x00000002   PAD
    0x000010e8   0x00000028   Code   RO         1294    i.UARTFlushRx       uartstdio.o
    0x00001110   0x00000038   Code   RO         1295    i.UARTFlushTx       uartstdio.o
    0x00001148   0x00000078   Code   RO         1298    i.UARTPrimeTransmit  uartstdio.o
    0x000011c0   0x00000098   Code   RO         1300    i.UARTStdioConfig   uartstdio.o
    0x00001258   0x00000108   Code   RO         1301    i.UARTStdioIntHandler  uartstdio.o
    0x00001360   0x00000044   Code   RO            9    i.UART_Init         main.o
    0x000013a4   0x00000012   Code   RO         1305    i.UARTprintf        uartstdio.o
    0x000013b6   0x00000002   PAD
    0x000013b8   0x000001b4   Code   RO         1306    i.UARTvprintf       uartstdio.o
    0x0000156c   0x00000090   Code   RO         1307    i.UARTwrite         uartstdio.o
    0x000015fc   0x000002e0   Code   RO          558    i._SlAsyncEventGenericHandler  driver.o
    0x000018dc   0x00000028   Code   RO          559    i._SlDrvBasicCmd    driver.o
    0x00001904   0x00000088   Code   RO          560    i._SlDrvClassifyRxMsg  driver.o
    0x0000198c   0x00000054   Code   RO          561    i._SlDrvCmdOp       driver.o
    0x000019e0   0x0000001c   Code   RO          562    i._SlDrvCmdSend     driver.o
    0x000019fc   0x00000150   Code   RO          563    i._SlDrvDataReadOp  driver.o
    0x00001b4c   0x00000114   Code   RO          564    i._SlDrvDataWriteOp  driver.o
    0x00001c60   0x0000001a   Code   RO          435    i._SlDrvDeviceEventHandler  device.o
    0x00001c7a   0x00000002   PAD
    0x00001c7c   0x00000060   Code   RO          565    i._SlDrvDriverCBDeinit  driver.o
    0x00001cdc   0x00000090   Code   RO          566    i._SlDrvDriverCBInit  driver.o
    0x00001d6c   0x0000002c   Code   RO          704    i._SlDrvFlowContDeinit  flowcont.o
    0x00001d98   0x00000030   Code   RO          705    i._SlDrvFlowContInit  flowcont.o
    0x00001dc8   0x0000034c   Code   RO          567    i._SlDrvMsgRead     driver.o
    0x00002114   0x000000a4   Code   RO          568    i._SlDrvMsgReadCmdCtx  driver.o
    0x000021b8   0x00000088   Code   RO          569    i._SlDrvMsgReadSpawnCtx  driver.o
    0x00002240   0x000000f0   Code   RO          570    i._SlDrvMsgWrite    driver.o
    0x00002330   0x000000c6   Code   RO          780    i._SlDrvNetAppEventHandler  netapp.o
    0x000023f6   0x00000002   PAD
    0x000023f8   0x00000018   Code   RO          571    i._SlDrvObjDeInit   driver.o
    0x00002410   0x0000003c   Code   RO          572    i._SlDrvObjInit     driver.o
    0x0000244c   0x000000e4   Code   RO          573    i._SlDrvReleasePoolObj  driver.o
    0x00002530   0x0000012c   Code   RO          574    i._SlDrvRxHdrRead   driver.o
    0x0000265c   0x0000003c   Code   RO          575    i._SlDrvRxIrqHandler  driver.o
    0x00002698   0x00000016   Code   RO          576    i._SlDrvShiftDWord  driver.o
    0x000026ae   0x00000002   PAD
    0x000026b0   0x00000104   Code   RO          577    i._SlDrvWaitForPoolObj  driver.o
    0x000027b4   0x00000094   Code   RO          578    i._SlFindAndSetActiveObj  driver.o
    0x00002848   0x00000040   Code   RO          917    i._SlNonOsMainLoopTask  nonos.o
    0x00002888   0x00000032   Code   RO          918    i._SlNonOsSemGet    nonos.o
    0x000028ba   0x00000006   Code   RO          919    i._SlNonOsSemSet    nonos.o
    0x000028c0   0x00000024   Code   RO          920    i._SlNonOsSpawn     nonos.o
    0x000028e4   0x00000058   Code   RO          579    i._SlRemoveFromList  driver.o
    0x0000293c   0x00000028   Code   RO         3443    i.__0sprintf$6      mc_w.l(printf6.o)
    0x00002964   0x000002f4   Code   RO         3448    i._printf_core      mc_w.l(printf6.o)
    0x00002c58   0x00000026   Code   RO         3449    i._printf_post_padding  mc_w.l(printf6.o)
    0x00002c7e   0x00000030   Code   RO         3450    i._printf_pre_padding  mc_w.l(printf6.o)
    0x00002cae   0x00000026   Code   RO          954    i._sl_BuildAddress  socket.o
    0x00002cd4   0x00000074   Code   RO          955    i._sl_HandleAsync_Accept  socket.o
    0x00002d48   0x0000007c   Code   RO          956    i._sl_HandleAsync_Connect  socket.o
    0x00002dc4   0x00000074   Code   RO          782    i._sl_HandleAsync_DnsGetHostByName  netapp.o
    0x00002e38   0x0000006c   Code   RO          783    i._sl_HandleAsync_DnsGetHostByService  netapp.o
    0x00002ea4   0x00000084   Code   RO          436    i._sl_HandleAsync_InitComplete  device.o
    0x00002f28   0x00000080   Code   RO          784    i._sl_HandleAsync_PingResponse  netapp.o
    0x00002fa8   0x00000064   Code   RO          957    i._sl_HandleAsync_Select  socket.o
    0x0000300c   0x00000060   Code   RO          437    i._sl_HandleAsync_Stop  device.o
    0x0000306c   0x00000054   Code   RO          959    i._sl_TruncatePayloadByProtocol  socket.o
    0x000030c0   0x0000000a   Code   RO         3452    i._sputc            mc_w.l(printf6.o)
    0x000030ca   0x00000052   Code   RO         1630    i.commandList       st7735.o
    0x0000311c   0x00000138   Code   RO         1631    i.commonInit        st7735.o
    0x00003254   0x00000110   Code   RO           10    i.configureSimpleLinkToDefaultState  main.o
    0x00003364   0x00000018   Code   RO          194    i.initClk           board.o
    0x0000337c   0x000003ec   Code   RO           11    i.main              main.o
    0x00003768   0x00000204   Code   RO           12    i.parseJSON         main.o
    0x0000396c   0x00000014   Code   RO         1636    i.pushColor         st7735.o
    0x00003980   0x0000000c   Code   RO          195    i.registerInterruptHandler  board.o
    0x0000398c   0x00000012   Code   RO         1558    i.screen_Init       clockscreen.o
    0x0000399e   0x00000002   PAD
    0x000039a0   0x0000006c   Code   RO         1637    i.setAddrWindow     st7735.o
    0x00003a0c   0x00000020   Code   RO          962    i.sl_Close          socket.o
    0x00003a2c   0x000000ec   Code   RO          963    i.sl_Connect        socket.o
    0x00003b18   0x00000070   Code   RO          438    i.sl_DevGet         device.o
    0x00003b88   0x00000028   Code   RO          965    i.sl_Htonl          socket.o
    0x00003bb0   0x00000030   Code   RO          966    i.sl_Htons          socket.o
    0x00003be0   0x000000d8   Code   RO          785    i.sl_NetAppDnsGetHostByName  netapp.o
    0x00003cb8   0x0000007c   Code   RO          790    i.sl_NetAppMDNSRegisterUnregisterService  netapp.o
    0x00003d34   0x00000012   Code   RO          791    i.sl_NetAppMDNSUnRegisterService  netapp.o
    0x00003d46   0x00000002   PAD
    0x00003d48   0x00000050   Code   RO          793    i.sl_NetAppSendTokenValue  netapp.o
    0x00003d98   0x00000040   Code   RO          897    i.sl_NetCfgSet      netcfg.o
    0x00003dd8   0x00000040   Code   RO          968    i.sl_Recv           socket.o
    0x00003e18   0x000000ac   Code   RO          971    i.sl_Send           socket.o
    0x00003ec4   0x00000030   Code   RO          974    i.sl_Socket         socket.o
    0x00003ef4   0x000000b8   Code   RO          442    i.sl_Start          device.o
    0x00003fac   0x000000c8   Code   RO          443    i.sl_Stop           device.o
    0x00004074   0x000001a4   Code   RO         1167    i.sl_WlanConnect    wlan.o
    0x00004218   0x00000008   Code   RO         1168    i.sl_WlanDisconnect  wlan.o
    0x00004220   0x00000038   Code   RO         1172    i.sl_WlanPolicySet  wlan.o
    0x00004258   0x00000020   Code   RO         1174    i.sl_WlanProfileDel  wlan.o
    0x00004278   0x00000040   Code   RO         1182    i.sl_WlanSet        wlan.o
    0x000042b8   0x00000020   Code   RO         1183    i.sl_WlanSetMode    wlan.o
    0x000042d8   0x0000000a   Code   RO         1115    i.spi_Close         spi.o
    0x000042e2   0x00000002   PAD
    0x000042e4   0x000000f0   Code   RO         1116    i.spi_Open          spi.o
    0x000043d4   0x00000058   Code   RO         1117    i.spi_Read          spi.o
    0x0000442c   0x00000054   Code   RO         1118    i.spi_Write         spi.o
    0x00004480   0x00000020   Code   RO         1638    i.writecommand      st7735.o
    0x000044a0   0x0000001c   Code   RO         1639    i.writedata         st7735.o
    0x000044bc   0x00000171   Data   RO           14    .constdata          main.o
    0x0000462d   0x00000001   PAD
    0x0000462e   0x00000014   Data   RO          445    .constdata          device.o
    0x00004642   0x00000002   PAD
    0x00004644   0x00000048   Data   RO          581    .constdata          driver.o
    0x0000468c   0x00000028   Data   RO          797    .constdata          netapp.o
    0x000046b4   0x00000008   Data   RO          898    .constdata          netcfg.o
    0x000046bc   0x00000030   Data   RO          975    .constdata          socket.o
    0x000046ec   0x00000034   Data   RO         1186    .constdata          wlan.o
    0x00004720   0x00000028   Data   RO         1309    .constdata          uartstdio.o
    0x00004748   0x000007e2   Data   RO         1641    .constdata          st7735.o
    0x00004f2a   0x00000002   PAD
    0x00004f2c   0x00000210   Data   RO         2095    .constdata          driverlib.lib(gpio.o)
    0x0000513c   0x0000010c   Data   RO         2384    .constdata          driverlib.lib(interrupt.o)
    0x00005248   0x000001c4   Data   RO         2687    .constdata          driverlib.lib(sysctl.o)
    0x0000540c   0x00000011   Data   RO         1310    .conststring        uartstdio.o
    0x0000541d   0x00000003   PAD
    0x00005420   0x00000000   Data   RO         3587    Region$$Table       anon$$obj.o


    Execution Region RW_IRAM (Base: 0x20000000, Size: 0x00004ea8, Max: 0x00008000, ABSOLUTE)

    Base Addr    Size         Type   Attr      Idx    E Section Name        Object

    0x20000000   0x0000001c   Data   RW           15    .data               main.o
    0x2000001c   0x00000008   Data   RW          197    .data               board.o
    0x20000024   0x00000004   Data   RW          582    .data               driver.o
    0x20000028   0x00000004   Data   RW          583    .data               driver.o
    0x2000002c   0x0000001c   Data   RW         1311    .data               uartstdio.o
    0x20000048   0x0000002c   Data   RW         1642    .data               st7735.o
    0x20000074   0x00000828   Zero   RW           13    .bss                main.o
    0x2000089c   0x00000164   Zero   RW          580    .bss                driver.o
    0x20000a00   0x00000028   Zero   RW          921    .bss                nonos.o
    0x20000a28   0x00000480   Zero   RW         1308    .bss                uartstdio.o
    0x20000ea8   0x00004000   Zero   RW         1154    STACK               startup_rvmdk.o

