<html>
<body>
<pre>
<h1>µVision Build Log</h1>
<h2>Project:</h2>
D:\Dropbox\ArmBook\LaunchPad\ValvanoWareTM4C123\CC3100GetWeather_4C123\getWeather.uvproj
Project File Date:  09/14/2016

<h2>Output:</h2>
Build target 'getWeather'
compiling main.c...
linking...
Program Size: Code=13916 RO-data=1824 RW-data=56 ZI-data=19512  
After Build - User command #1: fromelf --bin --output .\rvmdk\cc31000_starter.bin .\rvmdk\cc31000_starter.axf
".\rvmdk\getWeather.axf" - 0 Error(s), 0 Warning(s).
Load "D:\\Dropbox\\ArmBook\\LaunchPad\\ValvanoWareTM4C123\\CC3100GetWeather_4C123\\rvmdk\\getWeather.axf" 
Connecting: Mode=JTAG, Speed=1000000Hz
Erase Done.
Programming Done.
Verify OK.
Load "D:\\Dropbox\\ArmBook\\LaunchPad\\ValvanoWareTM4C123\\CC3100GetWeather_4C123\\rvmdk\\getWeather.axf" 
Connecting: Mode=JTAG, Speed=1000000Hz
Erase Done.
Programming Done.
Verify OK.
</pre>
</body>
</html>
